-- The C compiler identification is GNU 11.4.0
-- The CXX compiler identification is GNU 11.4.0
-- Detecting C compiler ABI info
-- Detecting C compiler ABI info - done
-- Check for working C compiler: /usr/bin/cc - skipped
-- Detecting C compile features
-- Detecting C compile features - done
-- Detecting CXX compiler ABI info
-- Detecting CXX compiler ABI info - done
-- Check for working CXX compiler: /usr/bin/c++ - skipped
-- Detecting CXX compile features
-- Detecting CXX compile features - done
-- Found ament_cmake: 1.3.12 (/opt/ros/humble/share/ament_cmake/cmake)
-- Found Python3: /usr/bin/python3 (found version "3.10.12") found components: Interpreter 
-- Found rosidl_default_generators: 1.2.0 (/opt/ros/humble/share/rosidl_default_generators/cmake)
-- Using all available rosidl_typesupport_c: rosidl_typesupport_fastrtps_c;rosidl_typesupport_introspection_c
-- Found rosidl_adapter: 3.1.7 (/opt/ros/humble/share/rosidl_adapter/cmake)
-- Using all available rosidl_typesupport_cpp: rosidl_typesupport_fastrtps_cpp;rosidl_typesupport_introspection_cpp
-- Found std_msgs: 4.9.0 (/opt/ros/humble/share/std_msgs/cmake)
-- Found geometry_msgs: 4.9.0 (/opt/ros/humble/share/geometry_msgs/cmake)
-- Found ament_cmake_ros: 0.10.0 (/opt/ros/humble/share/ament_cmake_ros/cmake)
-- Using all available rosidl_typesupport_c: rosidl_typesupport_fastrtps_c;rosidl_typesupport_introspection_c
-- Using all available rosidl_typesupport_cpp: rosidl_typesupport_fastrtps_cpp;rosidl_typesupport_introspection_cpp
-- Found PythonInterp: /usr/bin/python3 (found suitable version "3.10.12", minimum required is "3.6") 
-- Found python_cmake_module: 0.10.0 (/opt/ros/humble/share/python_cmake_module/cmake)
-- Found PythonLibs: /usr/lib/x86_64-linux-gnu/libpython3.10.so (found suitable version "3.10.12", minimum required is "3.5") 
-- Using PYTHON_EXECUTABLE: /usr/bin/python3
-- Using PYTHON_INCLUDE_DIRS: /usr/include/python3.10
-- Using PYTHON_LIBRARIES: /usr/lib/x86_64-linux-gnu/libpython3.10.so
-- Found PythonExtra: .so  
-- Configuring done
-- Generating done
-- Build files have been written to: /home/robot/jm_ws/build/phy_interface
[  2%] Generating C code for ROS interfaces
[  4%] Generating C++ code for ROS interfaces
[  4%] Built target ament_cmake_python_copy_phy_interface
running egg_info
creating phy_interface.egg-info
writing phy_interface.egg-info/PKG-INFO
writing dependency_links to phy_interface.egg-info/dependency_links.txt
writing top-level names to phy_interface.egg-info/top_level.txt
writing manifest file 'phy_interface.egg-info/SOURCES.txt'
reading manifest file 'phy_interface.egg-info/SOURCES.txt'
writing manifest file 'phy_interface.egg-info/SOURCES.txt'
[  4%] Built target ament_cmake_python_build_phy_interface_egg
[  6%] Building C object CMakeFiles/phy_interface__rosidl_generator_c.dir/rosidl_generator_c/phy_interface/srv/detail/get_pose__functions.c.o
[  8%] Building C object CMakeFiles/phy_interface__rosidl_generator_c.dir/rosidl_generator_c/phy_interface/action/detail/move__functions.c.o
[ 10%] Building C object CMakeFiles/phy_interface__rosidl_generator_c.dir/rosidl_generator_c/phy_interface/srv/detail/json__functions.c.o
[ 10%] Built target phy_interface__cpp
[ 12%] Generating C++ type support dispatch for ROS interfaces
[ 14%] Generating C++ type support for eProsima Fast-RTPS
[ 17%] Generating C++ introspection for ROS interfaces
[ 19%] Linking C shared library libphy_interface__rosidl_generator_c.so
[ 19%] Built target phy_interface__rosidl_generator_c
[ 23%] Generating C introspection for ROS interfaces
[ 23%] Generating C type support dispatch for ROS interfaces
[ 25%] Generating C type support for eProsima Fast-RTPS
[ 27%] Building CXX object CMakeFiles/phy_interface__rosidl_typesupport_cpp.dir/rosidl_typesupport_cpp/phy_interface/action/move__type_support.cpp.o
[ 29%] Building CXX object CMakeFiles/phy_interface__rosidl_typesupport_cpp.dir/rosidl_typesupport_cpp/phy_interface/srv/json__type_support.cpp.o
[ 31%] Building CXX object CMakeFiles/phy_interface__rosidl_typesupport_cpp.dir/rosidl_typesupport_cpp/phy_interface/srv/get_pose__type_support.cpp.o
[ 34%] Building CXX object CMakeFiles/phy_interface__rosidl_typesupport_introspection_cpp.dir/rosidl_typesupport_introspection_cpp/phy_interface/srv/detail/json__type_support.cpp.o
[ 38%] Building CXX object CMakeFiles/phy_interface__rosidl_typesupport_introspection_cpp.dir/rosidl_typesupport_introspection_cpp/phy_interface/action/detail/move__type_support.cpp.o
[ 38%] Building CXX object CMakeFiles/phy_interface__rosidl_typesupport_introspection_cpp.dir/rosidl_typesupport_introspection_cpp/phy_interface/srv/detail/get_pose__type_support.cpp.o
[ 40%] Building CXX object CMakeFiles/phy_interface__rosidl_typesupport_fastrtps_cpp.dir/rosidl_typesupport_fastrtps_cpp/phy_interface/srv/detail/dds_fastrtps/json__type_support.cpp.o
[ 42%] Building CXX object CMakeFiles/phy_interface__rosidl_typesupport_fastrtps_cpp.dir/rosidl_typesupport_fastrtps_cpp/phy_interface/srv/detail/dds_fastrtps/get_pose__type_support.cpp.o
[ 44%] Building CXX object CMakeFiles/phy_interface__rosidl_typesupport_fastrtps_cpp.dir/rosidl_typesupport_fastrtps_cpp/phy_interface/action/detail/dds_fastrtps/move__type_support.cpp.o
[ 48%] Building CXX object CMakeFiles/phy_interface__rosidl_typesupport_c.dir/rosidl_typesupport_c/phy_interface/srv/json__type_support.cpp.o
[ 48%] Building CXX object CMakeFiles/phy_interface__rosidl_typesupport_c.dir/rosidl_typesupport_c/phy_interface/srv/get_pose__type_support.cpp.o
[ 51%] Building CXX object CMakeFiles/phy_interface__rosidl_typesupport_c.dir/rosidl_typesupport_c/phy_interface/action/move__type_support.cpp.o
[ 53%] Linking CXX shared library libphy_interface__rosidl_typesupport_c.so
[ 55%] Building C object CMakeFiles/phy_interface__rosidl_typesupport_introspection_c.dir/rosidl_typesupport_introspection_c/phy_interface/srv/detail/json__type_support.c.o
[ 57%] Building C object CMakeFiles/phy_interface__rosidl_typesupport_introspection_c.dir/rosidl_typesupport_introspection_c/phy_interface/action/detail/move__type_support.c.o
[ 59%] Building C object CMakeFiles/phy_interface__rosidl_typesupport_introspection_c.dir/rosidl_typesupport_introspection_c/phy_interface/srv/detail/get_pose__type_support.c.o
[ 59%] Built target phy_interface__rosidl_typesupport_c
[ 61%] Building CXX object CMakeFiles/phy_interface__rosidl_typesupport_fastrtps_c.dir/rosidl_typesupport_fastrtps_c/phy_interface/srv/detail/json__type_support_c.cpp.o
[ 65%] Building CXX object CMakeFiles/phy_interface__rosidl_typesupport_fastrtps_c.dir/rosidl_typesupport_fastrtps_c/phy_interface/srv/detail/get_pose__type_support_c.cpp.o
[ 65%] Building CXX object CMakeFiles/phy_interface__rosidl_typesupport_fastrtps_c.dir/rosidl_typesupport_fastrtps_c/phy_interface/action/detail/move__type_support_c.cpp.o
[ 68%] Linking C shared library libphy_interface__rosidl_typesupport_introspection_c.so
[ 68%] Built target phy_interface__rosidl_typesupport_introspection_c
[ 70%] Linking CXX shared library libphy_interface__rosidl_typesupport_cpp.so
[ 70%] Built target phy_interface__rosidl_typesupport_cpp
[ 72%] Linking CXX shared library libphy_interface__rosidl_typesupport_introspection_cpp.so
[ 74%] Linking CXX shared library libphy_interface__rosidl_typesupport_fastrtps_cpp.so
[ 76%] Linking CXX shared library libphy_interface__rosidl_typesupport_fastrtps_c.so
[ 76%] Built target phy_interface__rosidl_typesupport_introspection_cpp
[ 76%] Built target phy_interface__rosidl_typesupport_fastrtps_cpp
[ 76%] Built target phy_interface__rosidl_typesupport_fastrtps_c
[ 76%] Built target phy_interface
[ 78%] Generating Python code for ROS interfaces
[ 78%] Built target phy_interface__py
[ 80%] Building C object CMakeFiles/phy_interface__rosidl_generator_py.dir/rosidl_generator_py/phy_interface/srv/_json_s.c.o
[ 82%] Building C object CMakeFiles/phy_interface__rosidl_generator_py.dir/rosidl_generator_py/phy_interface/srv/_get_pose_s.c.o
[ 85%] Building C object CMakeFiles/phy_interface__rosidl_generator_py.dir/rosidl_generator_py/phy_interface/action/_move_s.c.o
[ 87%] Linking C shared library rosidl_generator_py/phy_interface/libphy_interface__rosidl_generator_py.so
[ 87%] Built target phy_interface__rosidl_generator_py
[ 89%] Building C object CMakeFiles/phy_interface__rosidl_typesupport_c__pyext.dir/rosidl_generator_py/phy_interface/_phy_interface_s.ep.rosidl_typesupport_c.c.o
[ 91%] Building C object CMakeFiles/phy_interface__rosidl_typesupport_introspection_c__pyext.dir/rosidl_generator_py/phy_interface/_phy_interface_s.ep.rosidl_typesupport_introspection_c.c.o
[ 93%] Building C object CMakeFiles/phy_interface__rosidl_typesupport_fastrtps_c__pyext.dir/rosidl_generator_py/phy_interface/_phy_interface_s.ep.rosidl_typesupport_fastrtps_c.c.o
[ 95%] Linking C shared library rosidl_generator_py/phy_interface/phy_interface_s__rosidl_typesupport_c.cpython-310-x86_64-linux-gnu.so
[ 97%] Linking C shared library rosidl_generator_py/phy_interface/phy_interface_s__rosidl_typesupport_introspection_c.cpython-310-x86_64-linux-gnu.so
[100%] Linking C shared library rosidl_generator_py/phy_interface/phy_interface_s__rosidl_typesupport_fastrtps_c.cpython-310-x86_64-linux-gnu.so
[100%] Built target phy_interface__rosidl_typesupport_c__pyext
[100%] Built target phy_interface__rosidl_typesupport_fastrtps_c__pyext
[100%] Built target phy_interface__rosidl_typesupport_introspection_c__pyext
-- Install configuration: ""
-- Installing: /home/robot/jm_ws/install/phy_interface/share/ament_index/resource_index/rosidl_interfaces/phy_interface
-- Installing: /home/robot/jm_ws/install/phy_interface/include/phy_interface/phy_interface
-- Installing: /home/robot/jm_ws/install/phy_interface/include/phy_interface/phy_interface/srv
-- Installing: /home/robot/jm_ws/install/phy_interface/include/phy_interface/phy_interface/srv/json.h
-- Installing: /home/robot/jm_ws/install/phy_interface/include/phy_interface/phy_interface/srv/detail
-- Installing: /home/robot/jm_ws/install/phy_interface/include/phy_interface/phy_interface/srv/detail/get_pose__functions.c
-- Installing: /home/robot/jm_ws/install/phy_interface/include/phy_interface/phy_interface/srv/detail/json__functions.c
-- Installing: /home/robot/jm_ws/install/phy_interface/include/phy_interface/phy_interface/srv/detail/json__type_support.h
-- Installing: /home/robot/jm_ws/install/phy_interface/include/phy_interface/phy_interface/srv/detail/json__functions.h
-- Installing: /home/robot/jm_ws/install/phy_interface/include/phy_interface/phy_interface/srv/detail/get_pose__type_support.h
-- Installing: /home/robot/jm_ws/install/phy_interface/include/phy_interface/phy_interface/srv/detail/json__struct.h
-- Installing: /home/robot/jm_ws/install/phy_interface/include/phy_interface/phy_interface/srv/detail/get_pose__functions.h
-- Installing: /home/robot/jm_ws/install/phy_interface/include/phy_interface/phy_interface/srv/detail/get_pose__struct.h
-- Installing: /home/robot/jm_ws/install/phy_interface/include/phy_interface/phy_interface/srv/get_pose.h
-- Installing: /home/robot/jm_ws/install/phy_interface/include/phy_interface/phy_interface/msg
-- Installing: /home/robot/jm_ws/install/phy_interface/include/phy_interface/phy_interface/msg/rosidl_generator_c__visibility_control.h
-- Installing: /home/robot/jm_ws/install/phy_interface/include/phy_interface/phy_interface/action
-- Installing: /home/robot/jm_ws/install/phy_interface/include/phy_interface/phy_interface/action/move.h
-- Installing: /home/robot/jm_ws/install/phy_interface/include/phy_interface/phy_interface/action/detail
-- Installing: /home/robot/jm_ws/install/phy_interface/include/phy_interface/phy_interface/action/detail/move__functions.h
-- Installing: /home/robot/jm_ws/install/phy_interface/include/phy_interface/phy_interface/action/detail/move__functions.c
-- Installing: /home/robot/jm_ws/install/phy_interface/include/phy_interface/phy_interface/action/detail/move__type_support.h
-- Installing: /home/robot/jm_ws/install/phy_interface/include/phy_interface/phy_interface/action/detail/move__struct.h
-- Installing: /home/robot/jm_ws/install/phy_interface/share/phy_interface/environment/library_path.sh
-- Installing: /home/robot/jm_ws/install/phy_interface/share/phy_interface/environment/library_path.dsv
-- Installing: /home/robot/jm_ws/install/phy_interface/lib/libphy_interface__rosidl_generator_c.so
-- Set runtime path of "/home/robot/jm_ws/install/phy_interface/lib/libphy_interface__rosidl_generator_c.so" to ""
-- Up-to-date: /home/robot/jm_ws/install/phy_interface/include/phy_interface/phy_interface
-- Up-to-date: /home/robot/jm_ws/install/phy_interface/include/phy_interface/phy_interface/srv
-- Up-to-date: /home/robot/jm_ws/install/phy_interface/include/phy_interface/phy_interface/srv/detail
-- Installing: /home/robot/jm_ws/install/phy_interface/include/phy_interface/phy_interface/srv/detail/json__rosidl_typesupport_fastrtps_c.h
-- Installing: /home/robot/jm_ws/install/phy_interface/include/phy_interface/phy_interface/srv/detail/get_pose__rosidl_typesupport_fastrtps_c.h
-- Up-to-date: /home/robot/jm_ws/install/phy_interface/include/phy_interface/phy_interface/msg
-- Installing: /home/robot/jm_ws/install/phy_interface/include/phy_interface/phy_interface/msg/rosidl_typesupport_fastrtps_c__visibility_control.h
-- Up-to-date: /home/robot/jm_ws/install/phy_interface/include/phy_interface/phy_interface/action
-- Up-to-date: /home/robot/jm_ws/install/phy_interface/include/phy_interface/phy_interface/action/detail
-- Installing: /home/robot/jm_ws/install/phy_interface/include/phy_interface/phy_interface/action/detail/move__rosidl_typesupport_fastrtps_c.h
-- Installing: /home/robot/jm_ws/install/phy_interface/lib/libphy_interface__rosidl_typesupport_fastrtps_c.so
-- Set runtime path of "/home/robot/jm_ws/install/phy_interface/lib/libphy_interface__rosidl_typesupport_fastrtps_c.so" to ""
-- Up-to-date: /home/robot/jm_ws/install/phy_interface/include/phy_interface/phy_interface
-- Up-to-date: /home/robot/jm_ws/install/phy_interface/include/phy_interface/phy_interface/srv
-- Up-to-date: /home/robot/jm_ws/install/phy_interface/include/phy_interface/phy_interface/srv/detail
-- Installing: /home/robot/jm_ws/install/phy_interface/include/phy_interface/phy_interface/srv/detail/get_pose__type_support.c
-- Installing: /home/robot/jm_ws/install/phy_interface/include/phy_interface/phy_interface/srv/detail/json__rosidl_typesupport_introspection_c.h
-- Installing: /home/robot/jm_ws/install/phy_interface/include/phy_interface/phy_interface/srv/detail/get_pose__rosidl_typesupport_introspection_c.h
-- Installing: /home/robot/jm_ws/install/phy_interface/include/phy_interface/phy_interface/srv/detail/json__type_support.c
-- Up-to-date: /home/robot/jm_ws/install/phy_interface/include/phy_interface/phy_interface/msg
-- Installing: /home/robot/jm_ws/install/phy_interface/include/phy_interface/phy_interface/msg/rosidl_typesupport_introspection_c__visibility_control.h
-- Up-to-date: /home/robot/jm_ws/install/phy_interface/include/phy_interface/phy_interface/action
-- Up-to-date: /home/robot/jm_ws/install/phy_interface/include/phy_interface/phy_interface/action/detail
-- Installing: /home/robot/jm_ws/install/phy_interface/include/phy_interface/phy_interface/action/detail/move__type_support.c
-- Installing: /home/robot/jm_ws/install/phy_interface/include/phy_interface/phy_interface/action/detail/move__rosidl_typesupport_introspection_c.h
-- Installing: /home/robot/jm_ws/install/phy_interface/lib/libphy_interface__rosidl_typesupport_introspection_c.so
-- Set runtime path of "/home/robot/jm_ws/install/phy_interface/lib/libphy_interface__rosidl_typesupport_introspection_c.so" to ""
-- Installing: /home/robot/jm_ws/install/phy_interface/lib/libphy_interface__rosidl_typesupport_c.so
-- Set runtime path of "/home/robot/jm_ws/install/phy_interface/lib/libphy_interface__rosidl_typesupport_c.so" to ""
-- Up-to-date: /home/robot/jm_ws/install/phy_interface/include/phy_interface/phy_interface
-- Up-to-date: /home/robot/jm_ws/install/phy_interface/include/phy_interface/phy_interface/srv
-- Installing: /home/robot/jm_ws/install/phy_interface/include/phy_interface/phy_interface/srv/get_pose.hpp
-- Installing: /home/robot/jm_ws/install/phy_interface/include/phy_interface/phy_interface/srv/json.hpp
-- Up-to-date: /home/robot/jm_ws/install/phy_interface/include/phy_interface/phy_interface/srv/detail
-- Installing: /home/robot/jm_ws/install/phy_interface/include/phy_interface/phy_interface/srv/detail/get_pose__type_support.hpp
-- Installing: /home/robot/jm_ws/install/phy_interface/include/phy_interface/phy_interface/srv/detail/get_pose__builder.hpp
-- Installing: /home/robot/jm_ws/install/phy_interface/include/phy_interface/phy_interface/srv/detail/get_pose__traits.hpp
-- Installing: /home/robot/jm_ws/install/phy_interface/include/phy_interface/phy_interface/srv/detail/json__builder.hpp
-- Installing: /home/robot/jm_ws/install/phy_interface/include/phy_interface/phy_interface/srv/detail/json__struct.hpp
-- Installing: /home/robot/jm_ws/install/phy_interface/include/phy_interface/phy_interface/srv/detail/json__traits.hpp
-- Installing: /home/robot/jm_ws/install/phy_interface/include/phy_interface/phy_interface/srv/detail/get_pose__struct.hpp
-- Installing: /home/robot/jm_ws/install/phy_interface/include/phy_interface/phy_interface/srv/detail/json__type_support.hpp
-- Up-to-date: /home/robot/jm_ws/install/phy_interface/include/phy_interface/phy_interface/msg
-- Installing: /home/robot/jm_ws/install/phy_interface/include/phy_interface/phy_interface/msg/rosidl_generator_cpp__visibility_control.hpp
-- Up-to-date: /home/robot/jm_ws/install/phy_interface/include/phy_interface/phy_interface/action
-- Installing: /home/robot/jm_ws/install/phy_interface/include/phy_interface/phy_interface/action/move.hpp
-- Up-to-date: /home/robot/jm_ws/install/phy_interface/include/phy_interface/phy_interface/action/detail
-- Installing: /home/robot/jm_ws/install/phy_interface/include/phy_interface/phy_interface/action/detail/move__builder.hpp
-- Installing: /home/robot/jm_ws/install/phy_interface/include/phy_interface/phy_interface/action/detail/move__type_support.hpp
-- Installing: /home/robot/jm_ws/install/phy_interface/include/phy_interface/phy_interface/action/detail/move__traits.hpp
-- Installing: /home/robot/jm_ws/install/phy_interface/include/phy_interface/phy_interface/action/detail/move__struct.hpp
-- Up-to-date: /home/robot/jm_ws/install/phy_interface/include/phy_interface/phy_interface
-- Up-to-date: /home/robot/jm_ws/install/phy_interface/include/phy_interface/phy_interface/srv
-- Up-to-date: /home/robot/jm_ws/install/phy_interface/include/phy_interface/phy_interface/srv/detail
-- Installing: /home/robot/jm_ws/install/phy_interface/include/phy_interface/phy_interface/srv/detail/get_pose__rosidl_typesupport_fastrtps_cpp.hpp
-- Installing: /home/robot/jm_ws/install/phy_interface/include/phy_interface/phy_interface/srv/detail/json__rosidl_typesupport_fastrtps_cpp.hpp
-- Installing: /home/robot/jm_ws/install/phy_interface/include/phy_interface/phy_interface/srv/detail/dds_fastrtps
-- Up-to-date: /home/robot/jm_ws/install/phy_interface/include/phy_interface/phy_interface/msg
-- Installing: /home/robot/jm_ws/install/phy_interface/include/phy_interface/phy_interface/msg/rosidl_typesupport_fastrtps_cpp__visibility_control.h
-- Up-to-date: /home/robot/jm_ws/install/phy_interface/include/phy_interface/phy_interface/action
-- Up-to-date: /home/robot/jm_ws/install/phy_interface/include/phy_interface/phy_interface/action/detail
-- Installing: /home/robot/jm_ws/install/phy_interface/include/phy_interface/phy_interface/action/detail/dds_fastrtps
-- Installing: /home/robot/jm_ws/install/phy_interface/include/phy_interface/phy_interface/action/detail/move__rosidl_typesupport_fastrtps_cpp.hpp
-- Installing: /home/robot/jm_ws/install/phy_interface/lib/libphy_interface__rosidl_typesupport_fastrtps_cpp.so
-- Set runtime path of "/home/robot/jm_ws/install/phy_interface/lib/libphy_interface__rosidl_typesupport_fastrtps_cpp.so" to ""
-- Up-to-date: /home/robot/jm_ws/install/phy_interface/include/phy_interface/phy_interface
-- Up-to-date: /home/robot/jm_ws/install/phy_interface/include/phy_interface/phy_interface/srv
-- Up-to-date: /home/robot/jm_ws/install/phy_interface/include/phy_interface/phy_interface/srv/detail
-- Installing: /home/robot/jm_ws/install/phy_interface/include/phy_interface/phy_interface/srv/detail/get_pose__type_support.cpp
-- Installing: /home/robot/jm_ws/install/phy_interface/include/phy_interface/phy_interface/srv/detail/get_pose__rosidl_typesupport_introspection_cpp.hpp
-- Installing: /home/robot/jm_ws/install/phy_interface/include/phy_interface/phy_interface/srv/detail/json__type_support.cpp
-- Installing: /home/robot/jm_ws/install/phy_interface/include/phy_interface/phy_interface/srv/detail/json__rosidl_typesupport_introspection_cpp.hpp
-- Up-to-date: /home/robot/jm_ws/install/phy_interface/include/phy_interface/phy_interface/action
-- Up-to-date: /home/robot/jm_ws/install/phy_interface/include/phy_interface/phy_interface/action/detail
-- Installing: /home/robot/jm_ws/install/phy_interface/include/phy_interface/phy_interface/action/detail/move__rosidl_typesupport_introspection_cpp.hpp
-- Installing: /home/robot/jm_ws/install/phy_interface/include/phy_interface/phy_interface/action/detail/move__type_support.cpp
-- Installing: /home/robot/jm_ws/install/phy_interface/lib/libphy_interface__rosidl_typesupport_introspection_cpp.so
-- Set runtime path of "/home/robot/jm_ws/install/phy_interface/lib/libphy_interface__rosidl_typesupport_introspection_cpp.so" to ""
-- Installing: /home/robot/jm_ws/install/phy_interface/lib/libphy_interface__rosidl_typesupport_cpp.so
-- Set runtime path of "/home/robot/jm_ws/install/phy_interface/lib/libphy_interface__rosidl_typesupport_cpp.so" to ""
-- Installing: /home/robot/jm_ws/install/phy_interface/share/phy_interface/environment/pythonpath.sh
-- Installing: /home/robot/jm_ws/install/phy_interface/share/phy_interface/environment/pythonpath.dsv
-- Installing: /home/robot/jm_ws/install/phy_interface/local/lib/python3.10/dist-packages/phy_interface-0.0.1-py3.10.egg-info
-- Installing: /home/robot/jm_ws/install/phy_interface/local/lib/python3.10/dist-packages/phy_interface-0.0.1-py3.10.egg-info/PKG-INFO
-- Installing: /home/robot/jm_ws/install/phy_interface/local/lib/python3.10/dist-packages/phy_interface-0.0.1-py3.10.egg-info/top_level.txt
-- Installing: /home/robot/jm_ws/install/phy_interface/local/lib/python3.10/dist-packages/phy_interface-0.0.1-py3.10.egg-info/SOURCES.txt
-- Installing: /home/robot/jm_ws/install/phy_interface/local/lib/python3.10/dist-packages/phy_interface-0.0.1-py3.10.egg-info/dependency_links.txt
-- Installing: /home/robot/jm_ws/install/phy_interface/local/lib/python3.10/dist-packages/phy_interface
-- Installing: /home/robot/jm_ws/install/phy_interface/local/lib/python3.10/dist-packages/phy_interface/_phy_interface_s.ep.rosidl_typesupport_fastrtps_c.c
-- Installing: /home/robot/jm_ws/install/phy_interface/local/lib/python3.10/dist-packages/phy_interface/_phy_interface_s.ep.rosidl_typesupport_c.c
-- Installing: /home/robot/jm_ws/install/phy_interface/local/lib/python3.10/dist-packages/phy_interface/_phy_interface_s.ep.rosidl_typesupport_introspection_c.c
-- Installing: /home/robot/jm_ws/install/phy_interface/local/lib/python3.10/dist-packages/phy_interface/srv
-- Installing: /home/robot/jm_ws/install/phy_interface/local/lib/python3.10/dist-packages/phy_interface/srv/_json.py
-- Installing: /home/robot/jm_ws/install/phy_interface/local/lib/python3.10/dist-packages/phy_interface/srv/_get_pose.py
-- Installing: /home/robot/jm_ws/install/phy_interface/local/lib/python3.10/dist-packages/phy_interface/srv/_json_s.c
-- Installing: /home/robot/jm_ws/install/phy_interface/local/lib/python3.10/dist-packages/phy_interface/srv/_get_pose_s.c
-- Installing: /home/robot/jm_ws/install/phy_interface/local/lib/python3.10/dist-packages/phy_interface/srv/__init__.py
-- Installing: /home/robot/jm_ws/install/phy_interface/local/lib/python3.10/dist-packages/phy_interface/phy_interface_s__rosidl_typesupport_fastrtps_c.cpython-310-x86_64-linux-gnu.so
-- Installing: /home/robot/jm_ws/install/phy_interface/local/lib/python3.10/dist-packages/phy_interface/action
-- Installing: /home/robot/jm_ws/install/phy_interface/local/lib/python3.10/dist-packages/phy_interface/action/_move_s.c
-- Installing: /home/robot/jm_ws/install/phy_interface/local/lib/python3.10/dist-packages/phy_interface/action/_move.py
-- Installing: /home/robot/jm_ws/install/phy_interface/local/lib/python3.10/dist-packages/phy_interface/action/__init__.py
-- Installing: /home/robot/jm_ws/install/phy_interface/local/lib/python3.10/dist-packages/phy_interface/libphy_interface__rosidl_generator_py.so
-- Installing: /home/robot/jm_ws/install/phy_interface/local/lib/python3.10/dist-packages/phy_interface/phy_interface_s__rosidl_typesupport_introspection_c.cpython-310-x86_64-linux-gnu.so
-- Installing: /home/robot/jm_ws/install/phy_interface/local/lib/python3.10/dist-packages/phy_interface/__init__.py
-- Installing: /home/robot/jm_ws/install/phy_interface/local/lib/python3.10/dist-packages/phy_interface/phy_interface_s__rosidl_typesupport_c.cpython-310-x86_64-linux-gnu.so
Listing '/home/robot/jm_ws/install/phy_interface/local/lib/python3.10/dist-packages/phy_interface'...
Compiling '/home/robot/jm_ws/install/phy_interface/local/lib/python3.10/dist-packages/phy_interface/__init__.py'...
Listing '/home/robot/jm_ws/install/phy_interface/local/lib/python3.10/dist-packages/phy_interface/action'...
Compiling '/home/robot/jm_ws/install/phy_interface/local/lib/python3.10/dist-packages/phy_interface/action/__init__.py'...
Compiling '/home/robot/jm_ws/install/phy_interface/local/lib/python3.10/dist-packages/phy_interface/action/_move.py'...
Listing '/home/robot/jm_ws/install/phy_interface/local/lib/python3.10/dist-packages/phy_interface/srv'...
Compiling '/home/robot/jm_ws/install/phy_interface/local/lib/python3.10/dist-packages/phy_interface/srv/__init__.py'...
Compiling '/home/robot/jm_ws/install/phy_interface/local/lib/python3.10/dist-packages/phy_interface/srv/_get_pose.py'...
Compiling '/home/robot/jm_ws/install/phy_interface/local/lib/python3.10/dist-packages/phy_interface/srv/_json.py'...
-- Installing: /home/robot/jm_ws/install/phy_interface/local/lib/python3.10/dist-packages/phy_interface/phy_interface_s__rosidl_typesupport_fastrtps_c.cpython-310-x86_64-linux-gnu.so
-- Set runtime path of "/home/robot/jm_ws/install/phy_interface/local/lib/python3.10/dist-packages/phy_interface/phy_interface_s__rosidl_typesupport_fastrtps_c.cpython-310-x86_64-linux-gnu.so" to ""
-- Installing: /home/robot/jm_ws/install/phy_interface/local/lib/python3.10/dist-packages/phy_interface/phy_interface_s__rosidl_typesupport_introspection_c.cpython-310-x86_64-linux-gnu.so
-- Set runtime path of "/home/robot/jm_ws/install/phy_interface/local/lib/python3.10/dist-packages/phy_interface/phy_interface_s__rosidl_typesupport_introspection_c.cpython-310-x86_64-linux-gnu.so" to ""
-- Installing: /home/robot/jm_ws/install/phy_interface/local/lib/python3.10/dist-packages/phy_interface/phy_interface_s__rosidl_typesupport_c.cpython-310-x86_64-linux-gnu.so
-- Set runtime path of "/home/robot/jm_ws/install/phy_interface/local/lib/python3.10/dist-packages/phy_interface/phy_interface_s__rosidl_typesupport_c.cpython-310-x86_64-linux-gnu.so" to ""
-- Installing: /home/robot/jm_ws/install/phy_interface/lib/libphy_interface__rosidl_generator_py.so
-- Set runtime path of "/home/robot/jm_ws/install/phy_interface/lib/libphy_interface__rosidl_generator_py.so" to ""
-- Installing: /home/robot/jm_ws/install/phy_interface/share/phy_interface/srv/Json.idl
-- Installing: /home/robot/jm_ws/install/phy_interface/share/phy_interface/srv/GetPose.idl
-- Installing: /home/robot/jm_ws/install/phy_interface/share/phy_interface/action/Move.idl
-- Installing: /home/robot/jm_ws/install/phy_interface/share/phy_interface/srv/Json.srv
-- Installing: /home/robot/jm_ws/install/phy_interface/share/phy_interface/srv/Json_Request.msg
-- Installing: /home/robot/jm_ws/install/phy_interface/share/phy_interface/srv/Json_Response.msg
-- Installing: /home/robot/jm_ws/install/phy_interface/share/phy_interface/srv/GetPose.srv
-- Installing: /home/robot/jm_ws/install/phy_interface/share/phy_interface/srv/GetPose_Request.msg
-- Installing: /home/robot/jm_ws/install/phy_interface/share/phy_interface/srv/GetPose_Response.msg
-- Installing: /home/robot/jm_ws/install/phy_interface/share/phy_interface/action/Move.action
-- Installing: /home/robot/jm_ws/install/phy_interface/share/ament_index/resource_index/package_run_dependencies/phy_interface
-- Installing: /home/robot/jm_ws/install/phy_interface/share/ament_index/resource_index/parent_prefix_path/phy_interface
-- Installing: /home/robot/jm_ws/install/phy_interface/share/phy_interface/environment/ament_prefix_path.sh
-- Installing: /home/robot/jm_ws/install/phy_interface/share/phy_interface/environment/ament_prefix_path.dsv
-- Installing: /home/robot/jm_ws/install/phy_interface/share/phy_interface/environment/path.sh
-- Installing: /home/robot/jm_ws/install/phy_interface/share/phy_interface/environment/path.dsv
-- Installing: /home/robot/jm_ws/install/phy_interface/share/phy_interface/local_setup.bash
-- Installing: /home/robot/jm_ws/install/phy_interface/share/phy_interface/local_setup.sh
-- Installing: /home/robot/jm_ws/install/phy_interface/share/phy_interface/local_setup.zsh
-- Installing: /home/robot/jm_ws/install/phy_interface/share/phy_interface/local_setup.dsv
-- Installing: /home/robot/jm_ws/install/phy_interface/share/phy_interface/package.dsv
-- Installing: /home/robot/jm_ws/install/phy_interface/share/ament_index/resource_index/packages/phy_interface
-- Installing: /home/robot/jm_ws/install/phy_interface/share/phy_interface/cmake/export_phy_interface__rosidl_generator_cExport.cmake
-- Installing: /home/robot/jm_ws/install/phy_interface/share/phy_interface/cmake/export_phy_interface__rosidl_generator_cExport-noconfig.cmake
-- Installing: /home/robot/jm_ws/install/phy_interface/share/phy_interface/cmake/export_phy_interface__rosidl_typesupport_fastrtps_cExport.cmake
-- Installing: /home/robot/jm_ws/install/phy_interface/share/phy_interface/cmake/export_phy_interface__rosidl_typesupport_fastrtps_cExport-noconfig.cmake
-- Installing: /home/robot/jm_ws/install/phy_interface/share/phy_interface/cmake/phy_interface__rosidl_typesupport_introspection_cExport.cmake
-- Installing: /home/robot/jm_ws/install/phy_interface/share/phy_interface/cmake/phy_interface__rosidl_typesupport_introspection_cExport-noconfig.cmake
-- Installing: /home/robot/jm_ws/install/phy_interface/share/phy_interface/cmake/phy_interface__rosidl_typesupport_cExport.cmake
-- Installing: /home/robot/jm_ws/install/phy_interface/share/phy_interface/cmake/phy_interface__rosidl_typesupport_cExport-noconfig.cmake
-- Installing: /home/robot/jm_ws/install/phy_interface/share/phy_interface/cmake/export_phy_interface__rosidl_generator_cppExport.cmake
-- Installing: /home/robot/jm_ws/install/phy_interface/share/phy_interface/cmake/export_phy_interface__rosidl_typesupport_fastrtps_cppExport.cmake
-- Installing: /home/robot/jm_ws/install/phy_interface/share/phy_interface/cmake/export_phy_interface__rosidl_typesupport_fastrtps_cppExport-noconfig.cmake
-- Installing: /home/robot/jm_ws/install/phy_interface/share/phy_interface/cmake/phy_interface__rosidl_typesupport_introspection_cppExport.cmake
-- Installing: /home/robot/jm_ws/install/phy_interface/share/phy_interface/cmake/phy_interface__rosidl_typesupport_introspection_cppExport-noconfig.cmake
-- Installing: /home/robot/jm_ws/install/phy_interface/share/phy_interface/cmake/phy_interface__rosidl_typesupport_cppExport.cmake
-- Installing: /home/robot/jm_ws/install/phy_interface/share/phy_interface/cmake/phy_interface__rosidl_typesupport_cppExport-noconfig.cmake
-- Installing: /home/robot/jm_ws/install/phy_interface/share/phy_interface/cmake/export_phy_interface__rosidl_generator_pyExport.cmake
-- Installing: /home/robot/jm_ws/install/phy_interface/share/phy_interface/cmake/export_phy_interface__rosidl_generator_pyExport-noconfig.cmake
-- Installing: /home/robot/jm_ws/install/phy_interface/share/phy_interface/cmake/rosidl_cmake-extras.cmake
-- Installing: /home/robot/jm_ws/install/phy_interface/share/phy_interface/cmake/ament_cmake_export_dependencies-extras.cmake
-- Installing: /home/robot/jm_ws/install/phy_interface/share/phy_interface/cmake/ament_cmake_export_include_directories-extras.cmake
-- Installing: /home/robot/jm_ws/install/phy_interface/share/phy_interface/cmake/ament_cmake_export_libraries-extras.cmake
-- Installing: /home/robot/jm_ws/install/phy_interface/share/phy_interface/cmake/ament_cmake_export_targets-extras.cmake
-- Installing: /home/robot/jm_ws/install/phy_interface/share/phy_interface/cmake/rosidl_cmake_export_typesupport_targets-extras.cmake
-- Installing: /home/robot/jm_ws/install/phy_interface/share/phy_interface/cmake/rosidl_cmake_export_typesupport_libraries-extras.cmake
-- Installing: /home/robot/jm_ws/install/phy_interface/share/phy_interface/cmake/phy_interfaceConfig.cmake
-- Installing: /home/robot/jm_ws/install/phy_interface/share/phy_interface/cmake/phy_interfaceConfig-version.cmake
-- Installing: /home/robot/jm_ws/install/phy_interface/share/phy_interface/package.xml
