[0.006s] Invoking command in '/home/robot/jm_ws/build/phy_interface': CMAKE_PREFIX_PATH=${CMAKE_PREFIX_PATH}:/home/robot/ros2_ws/install/dsr_visualservoing:/home/robot/ros2_ws/install/dsr_tests:/home/robot/ros2_ws/install/dsr_bringup2:/home/robot/ros2_ws/install/dsr_example:/opt/ros/humble /usr/bin/cmake /home/robot/jm_ws/src/phy_interface -DCMAKE_INSTALL_PREFIX=/home/robot/jm_ws/install/phy_interface
[0.036s] -- The C compiler identification is GNU 11.4.0
[0.067s] -- The CXX compiler identification is GNU 11.4.0
[0.071s] -- Detecting C compiler ABI info
[0.115s] -- Detecting C compiler ABI info - done
[0.118s] -- Check for working C compiler: /usr/bin/cc - skipped
[0.118s] -- Detecting C compile features
[0.118s] -- Detecting C compile features - done
[0.119s] -- Detecting CXX compiler ABI info
[0.168s] -- Detecting CXX compiler ABI info - done
[0.170s] -- Check for working CXX compiler: /usr/bin/c++ - skipped
[0.171s] -- Detecting CXX compile features
[0.171s] -- Detecting CXX compile features - done
[0.172s] -- Found ament_cmake: 1.3.12 (/opt/ros/humble/share/ament_cmake/cmake)
[0.253s] -- Found Python3: /usr/bin/python3 (found version "3.10.12") found components: Interpreter 
[0.302s] -- Found rosidl_default_generators: 1.2.0 (/opt/ros/humble/share/rosidl_default_generators/cmake)
[0.305s] -- Using all available rosidl_typesupport_c: rosidl_typesupport_fastrtps_c;rosidl_typesupport_introspection_c
[0.309s] -- Found rosidl_adapter: 3.1.7 (/opt/ros/humble/share/rosidl_adapter/cmake)
[0.333s] -- Using all available rosidl_typesupport_cpp: rosidl_typesupport_fastrtps_cpp;rosidl_typesupport_introspection_cpp
[0.353s] -- Found std_msgs: 4.9.0 (/opt/ros/humble/share/std_msgs/cmake)
[0.369s] -- Found geometry_msgs: 4.9.0 (/opt/ros/humble/share/geometry_msgs/cmake)
[0.536s] -- Found ament_cmake_ros: 0.10.0 (/opt/ros/humble/share/ament_cmake_ros/cmake)
[0.649s] -- Using all available rosidl_typesupport_c: rosidl_typesupport_fastrtps_c;rosidl_typesupport_introspection_c
[0.798s] -- Using all available rosidl_typesupport_cpp: rosidl_typesupport_fastrtps_cpp;rosidl_typesupport_introspection_cpp
[0.810s] -- Found PythonInterp: /usr/bin/python3 (found suitable version "3.10.12", minimum required is "3.6") 
[0.811s] -- Found python_cmake_module: 0.10.0 (/opt/ros/humble/share/python_cmake_module/cmake)
[0.824s] -- Found PythonLibs: /usr/lib/x86_64-linux-gnu/libpython3.10.so (found suitable version "3.10.12", minimum required is "3.5") 
[0.824s] -- Using PYTHON_EXECUTABLE: /usr/bin/python3
[0.824s] -- Using PYTHON_INCLUDE_DIRS: /usr/include/python3.10
[0.824s] -- Using PYTHON_LIBRARIES: /usr/lib/x86_64-linux-gnu/libpython3.10.so
[0.836s] -- Found PythonExtra: .so  
[0.867s] -- Configuring done
[0.881s] -- Generating done
[0.886s] -- Build files have been written to: /home/robot/jm_ws/build/phy_interface
[0.891s] Invoked command in '/home/robot/jm_ws/build/phy_interface' returned '0': CMAKE_PREFIX_PATH=${CMAKE_PREFIX_PATH}:/home/robot/ros2_ws/install/dsr_visualservoing:/home/robot/ros2_ws/install/dsr_tests:/home/robot/ros2_ws/install/dsr_bringup2:/home/robot/ros2_ws/install/dsr_example:/opt/ros/humble /usr/bin/cmake /home/robot/jm_ws/src/phy_interface -DCMAKE_INSTALL_PREFIX=/home/robot/jm_ws/install/phy_interface
[0.892s] Invoking command in '/home/robot/jm_ws/build/phy_interface': CMAKE_PREFIX_PATH=${CMAKE_PREFIX_PATH}:/home/robot/ros2_ws/install/dsr_visualservoing:/home/robot/ros2_ws/install/dsr_tests:/home/robot/ros2_ws/install/dsr_bringup2:/home/robot/ros2_ws/install/dsr_example:/opt/ros/humble /usr/bin/cmake --build /home/robot/jm_ws/build/phy_interface -- -j24 -l24
[0.917s] [  2%] Generating C code for ROS interfaces
[0.924s] [  4%] Generating C++ code for ROS interfaces
[0.928s] [  4%] Built target ament_cmake_python_copy_phy_interface
[1.034s] running egg_info
[1.034s] creating phy_interface.egg-info
[1.034s] writing phy_interface.egg-info/PKG-INFO
[1.034s] writing dependency_links to phy_interface.egg-info/dependency_links.txt
[1.034s] writing top-level names to phy_interface.egg-info/top_level.txt
[1.034s] writing manifest file 'phy_interface.egg-info/SOURCES.txt'
[1.035s] reading manifest file 'phy_interface.egg-info/SOURCES.txt'
[1.035s] writing manifest file 'phy_interface.egg-info/SOURCES.txt'
[1.049s] [  4%] Built target ament_cmake_python_build_phy_interface_egg
[1.172s] [  6%] Building C object CMakeFiles/phy_interface__rosidl_generator_c.dir/rosidl_generator_c/phy_interface/srv/detail/get_pose__functions.c.o
[1.172s] [  8%] Building C object CMakeFiles/phy_interface__rosidl_generator_c.dir/rosidl_generator_c/phy_interface/action/detail/move__functions.c.o
[1.172s] [ 10%] Building C object CMakeFiles/phy_interface__rosidl_generator_c.dir/rosidl_generator_c/phy_interface/srv/detail/json__functions.c.o
[1.186s] [ 10%] Built target phy_interface__cpp
[1.191s] [ 12%] Generating C++ type support dispatch for ROS interfaces
[1.195s] [ 14%] Generating C++ type support for eProsima Fast-RTPS
[1.195s] [ 17%] Generating C++ introspection for ROS interfaces
[1.232s] [ 19%] Linking C shared library libphy_interface__rosidl_generator_c.so
[1.254s] [ 19%] Built target phy_interface__rosidl_generator_c
[1.262s] [ 23%] Generating C introspection for ROS interfaces
[1.262s] [ 23%] Generating C type support dispatch for ROS interfaces
[1.263s] [ 25%] Generating C type support for eProsima Fast-RTPS
[1.373s] [ 27%] Building CXX object CMakeFiles/phy_interface__rosidl_typesupport_cpp.dir/rosidl_typesupport_cpp/phy_interface/action/move__type_support.cpp.o
[1.373s] [ 29%] Building CXX object CMakeFiles/phy_interface__rosidl_typesupport_cpp.dir/rosidl_typesupport_cpp/phy_interface/srv/json__type_support.cpp.o
[1.373s] [ 31%] Building CXX object CMakeFiles/phy_interface__rosidl_typesupport_cpp.dir/rosidl_typesupport_cpp/phy_interface/srv/get_pose__type_support.cpp.o
[1.391s] [ 34%] Building CXX object CMakeFiles/phy_interface__rosidl_typesupport_introspection_cpp.dir/rosidl_typesupport_introspection_cpp/phy_interface/srv/detail/json__type_support.cpp.o
[1.391s] [ 38%] Building CXX object CMakeFiles/phy_interface__rosidl_typesupport_introspection_cpp.dir/rosidl_typesupport_introspection_cpp/phy_interface/action/detail/move__type_support.cpp.o
[1.391s] [ 38%] Building CXX object CMakeFiles/phy_interface__rosidl_typesupport_introspection_cpp.dir/rosidl_typesupport_introspection_cpp/phy_interface/srv/detail/get_pose__type_support.cpp.o
[1.425s] [ 40%] Building CXX object CMakeFiles/phy_interface__rosidl_typesupport_fastrtps_cpp.dir/rosidl_typesupport_fastrtps_cpp/phy_interface/srv/detail/dds_fastrtps/json__type_support.cpp.o
[1.425s] [ 42%] Building CXX object CMakeFiles/phy_interface__rosidl_typesupport_fastrtps_cpp.dir/rosidl_typesupport_fastrtps_cpp/phy_interface/srv/detail/dds_fastrtps/get_pose__type_support.cpp.o
[1.426s] [ 44%] Building CXX object CMakeFiles/phy_interface__rosidl_typesupport_fastrtps_cpp.dir/rosidl_typesupport_fastrtps_cpp/phy_interface/action/detail/dds_fastrtps/move__type_support.cpp.o
[1.439s] [ 48%] Building CXX object CMakeFiles/phy_interface__rosidl_typesupport_c.dir/rosidl_typesupport_c/phy_interface/srv/json__type_support.cpp.o
[1.439s] [ 48%] Building CXX object CMakeFiles/phy_interface__rosidl_typesupport_c.dir/rosidl_typesupport_c/phy_interface/srv/get_pose__type_support.cpp.o
[1.439s] [ 51%] Building CXX object CMakeFiles/phy_interface__rosidl_typesupport_c.dir/rosidl_typesupport_c/phy_interface/action/move__type_support.cpp.o
[1.470s] [ 53%] Linking CXX shared library libphy_interface__rosidl_typesupport_c.so
[1.488s] [ 55%] Building C object CMakeFiles/phy_interface__rosidl_typesupport_introspection_c.dir/rosidl_typesupport_introspection_c/phy_interface/srv/detail/json__type_support.c.o
[1.488s] [ 57%] Building C object CMakeFiles/phy_interface__rosidl_typesupport_introspection_c.dir/rosidl_typesupport_introspection_c/phy_interface/action/detail/move__type_support.c.o
[1.489s] [ 59%] Building C object CMakeFiles/phy_interface__rosidl_typesupport_introspection_c.dir/rosidl_typesupport_introspection_c/phy_interface/srv/detail/get_pose__type_support.c.o
[1.496s] [ 59%] Built target phy_interface__rosidl_typesupport_c
[1.501s] [ 61%] Building CXX object CMakeFiles/phy_interface__rosidl_typesupport_fastrtps_c.dir/rosidl_typesupport_fastrtps_c/phy_interface/srv/detail/json__type_support_c.cpp.o
[1.502s] [ 65%] Building CXX object CMakeFiles/phy_interface__rosidl_typesupport_fastrtps_c.dir/rosidl_typesupport_fastrtps_c/phy_interface/srv/detail/get_pose__type_support_c.cpp.o
[1.502s] [ 65%] Building CXX object CMakeFiles/phy_interface__rosidl_typesupport_fastrtps_c.dir/rosidl_typesupport_fastrtps_c/phy_interface/action/detail/move__type_support_c.cpp.o
[1.523s] [ 68%] Linking C shared library libphy_interface__rosidl_typesupport_introspection_c.so
[1.545s] [ 68%] Built target phy_interface__rosidl_typesupport_introspection_c
[1.566s] [ 70%] Linking CXX shared library libphy_interface__rosidl_typesupport_cpp.so
[1.588s] [ 70%] Built target phy_interface__rosidl_typesupport_cpp
[1.645s] [ 72%] Linking CXX shared library libphy_interface__rosidl_typesupport_introspection_cpp.so
[1.663s] [ 74%] Linking CXX shared library libphy_interface__rosidl_typesupport_fastrtps_cpp.so
[1.681s] [ 76%] Linking CXX shared library libphy_interface__rosidl_typesupport_fastrtps_c.so
[1.684s] [ 76%] Built target phy_interface__rosidl_typesupport_introspection_cpp
[1.704s] [ 76%] Built target phy_interface__rosidl_typesupport_fastrtps_cpp
[1.719s] [ 76%] Built target phy_interface__rosidl_typesupport_fastrtps_c
[1.731s] [ 76%] Built target phy_interface
[1.743s] [ 78%] Generating Python code for ROS interfaces
[2.162s] [ 78%] Built target phy_interface__py
[2.172s] [ 80%] Building C object CMakeFiles/phy_interface__rosidl_generator_py.dir/rosidl_generator_py/phy_interface/srv/_json_s.c.o
[2.173s] [ 82%] Building C object CMakeFiles/phy_interface__rosidl_generator_py.dir/rosidl_generator_py/phy_interface/srv/_get_pose_s.c.o
[2.173s] [ 85%] Building C object CMakeFiles/phy_interface__rosidl_generator_py.dir/rosidl_generator_py/phy_interface/action/_move_s.c.o
[2.234s] [ 87%] Linking C shared library rosidl_generator_py/phy_interface/libphy_interface__rosidl_generator_py.so
[2.259s] [ 87%] Built target phy_interface__rosidl_generator_py
[2.274s] [ 89%] Building C object CMakeFiles/phy_interface__rosidl_typesupport_c__pyext.dir/rosidl_generator_py/phy_interface/_phy_interface_s.ep.rosidl_typesupport_c.c.o
[2.274s] [ 91%] Building C object CMakeFiles/phy_interface__rosidl_typesupport_introspection_c__pyext.dir/rosidl_generator_py/phy_interface/_phy_interface_s.ep.rosidl_typesupport_introspection_c.c.o
[2.275s] [ 93%] Building C object CMakeFiles/phy_interface__rosidl_typesupport_fastrtps_c__pyext.dir/rosidl_generator_py/phy_interface/_phy_interface_s.ep.rosidl_typesupport_fastrtps_c.c.o
[2.329s] [ 95%] Linking C shared library rosidl_generator_py/phy_interface/phy_interface_s__rosidl_typesupport_c.cpython-310-x86_64-linux-gnu.so
[2.329s] [ 97%] Linking C shared library rosidl_generator_py/phy_interface/phy_interface_s__rosidl_typesupport_introspection_c.cpython-310-x86_64-linux-gnu.so
[2.329s] [100%] Linking C shared library rosidl_generator_py/phy_interface/phy_interface_s__rosidl_typesupport_fastrtps_c.cpython-310-x86_64-linux-gnu.so
[2.350s] [100%] Built target phy_interface__rosidl_typesupport_c__pyext
[2.352s] [100%] Built target phy_interface__rosidl_typesupport_fastrtps_c__pyext
[2.352s] [100%] Built target phy_interface__rosidl_typesupport_introspection_c__pyext
[2.358s] Invoked command in '/home/robot/jm_ws/build/phy_interface' returned '0': CMAKE_PREFIX_PATH=${CMAKE_PREFIX_PATH}:/home/robot/ros2_ws/install/dsr_visualservoing:/home/robot/ros2_ws/install/dsr_tests:/home/robot/ros2_ws/install/dsr_bringup2:/home/robot/ros2_ws/install/dsr_example:/opt/ros/humble /usr/bin/cmake --build /home/robot/jm_ws/build/phy_interface -- -j24 -l24
[2.364s] Invoking command in '/home/robot/jm_ws/build/phy_interface': CMAKE_PREFIX_PATH=${CMAKE_PREFIX_PATH}:/home/robot/ros2_ws/install/dsr_visualservoing:/home/robot/ros2_ws/install/dsr_tests:/home/robot/ros2_ws/install/dsr_bringup2:/home/robot/ros2_ws/install/dsr_example:/opt/ros/humble /usr/bin/cmake --install /home/robot/jm_ws/build/phy_interface
[2.366s] -- Install configuration: ""
[2.366s] -- Installing: /home/robot/jm_ws/install/phy_interface/share/ament_index/resource_index/rosidl_interfaces/phy_interface
[2.366s] -- Installing: /home/robot/jm_ws/install/phy_interface/include/phy_interface/phy_interface
[2.366s] -- Installing: /home/robot/jm_ws/install/phy_interface/include/phy_interface/phy_interface/srv
[2.366s] -- Installing: /home/robot/jm_ws/install/phy_interface/include/phy_interface/phy_interface/srv/json.h
[2.367s] -- Installing: /home/robot/jm_ws/install/phy_interface/include/phy_interface/phy_interface/srv/detail
[2.367s] -- Installing: /home/robot/jm_ws/install/phy_interface/include/phy_interface/phy_interface/srv/detail/get_pose__functions.c
[2.367s] -- Installing: /home/robot/jm_ws/install/phy_interface/include/phy_interface/phy_interface/srv/detail/json__functions.c
[2.367s] -- Installing: /home/robot/jm_ws/install/phy_interface/include/phy_interface/phy_interface/srv/detail/json__type_support.h
[2.367s] -- Installing: /home/robot/jm_ws/install/phy_interface/include/phy_interface/phy_interface/srv/detail/json__functions.h
[2.367s] -- Installing: /home/robot/jm_ws/install/phy_interface/include/phy_interface/phy_interface/srv/detail/get_pose__type_support.h
[2.367s] -- Installing: /home/robot/jm_ws/install/phy_interface/include/phy_interface/phy_interface/srv/detail/json__struct.h
[2.367s] -- Installing: /home/robot/jm_ws/install/phy_interface/include/phy_interface/phy_interface/srv/detail/get_pose__functions.h
[2.368s] -- Installing: /home/robot/jm_ws/install/phy_interface/include/phy_interface/phy_interface/srv/detail/get_pose__struct.h
[2.368s] -- Installing: /home/robot/jm_ws/install/phy_interface/include/phy_interface/phy_interface/srv/get_pose.h
[2.368s] -- Installing: /home/robot/jm_ws/install/phy_interface/include/phy_interface/phy_interface/msg
[2.368s] -- Installing: /home/robot/jm_ws/install/phy_interface/include/phy_interface/phy_interface/msg/rosidl_generator_c__visibility_control.h
[2.368s] -- Installing: /home/robot/jm_ws/install/phy_interface/include/phy_interface/phy_interface/action
[2.368s] -- Installing: /home/robot/jm_ws/install/phy_interface/include/phy_interface/phy_interface/action/move.h
[2.368s] -- Installing: /home/robot/jm_ws/install/phy_interface/include/phy_interface/phy_interface/action/detail
[2.368s] -- Installing: /home/robot/jm_ws/install/phy_interface/include/phy_interface/phy_interface/action/detail/move__functions.h
[2.368s] -- Installing: /home/robot/jm_ws/install/phy_interface/include/phy_interface/phy_interface/action/detail/move__functions.c
[2.368s] -- Installing: /home/robot/jm_ws/install/phy_interface/include/phy_interface/phy_interface/action/detail/move__type_support.h
[2.368s] -- Installing: /home/robot/jm_ws/install/phy_interface/include/phy_interface/phy_interface/action/detail/move__struct.h
[2.368s] -- Installing: /home/robot/jm_ws/install/phy_interface/share/phy_interface/environment/library_path.sh
[2.368s] -- Installing: /home/robot/jm_ws/install/phy_interface/share/phy_interface/environment/library_path.dsv
[2.368s] -- Installing: /home/robot/jm_ws/install/phy_interface/lib/libphy_interface__rosidl_generator_c.so
[2.368s] -- Set runtime path of "/home/robot/jm_ws/install/phy_interface/lib/libphy_interface__rosidl_generator_c.so" to ""
[2.368s] -- Up-to-date: /home/robot/jm_ws/install/phy_interface/include/phy_interface/phy_interface
[2.369s] -- Up-to-date: /home/robot/jm_ws/install/phy_interface/include/phy_interface/phy_interface/srv
[2.369s] -- Up-to-date: /home/robot/jm_ws/install/phy_interface/include/phy_interface/phy_interface/srv/detail
[2.369s] -- Installing: /home/robot/jm_ws/install/phy_interface/include/phy_interface/phy_interface/srv/detail/json__rosidl_typesupport_fastrtps_c.h
[2.369s] -- Installing: /home/robot/jm_ws/install/phy_interface/include/phy_interface/phy_interface/srv/detail/get_pose__rosidl_typesupport_fastrtps_c.h
[2.369s] -- Up-to-date: /home/robot/jm_ws/install/phy_interface/include/phy_interface/phy_interface/msg
[2.369s] -- Installing: /home/robot/jm_ws/install/phy_interface/include/phy_interface/phy_interface/msg/rosidl_typesupport_fastrtps_c__visibility_control.h
[2.369s] -- Up-to-date: /home/robot/jm_ws/install/phy_interface/include/phy_interface/phy_interface/action
[2.369s] -- Up-to-date: /home/robot/jm_ws/install/phy_interface/include/phy_interface/phy_interface/action/detail
[2.369s] -- Installing: /home/robot/jm_ws/install/phy_interface/include/phy_interface/phy_interface/action/detail/move__rosidl_typesupport_fastrtps_c.h
[2.369s] -- Installing: /home/robot/jm_ws/install/phy_interface/lib/libphy_interface__rosidl_typesupport_fastrtps_c.so
[2.369s] -- Set runtime path of "/home/robot/jm_ws/install/phy_interface/lib/libphy_interface__rosidl_typesupport_fastrtps_c.so" to ""
[2.369s] -- Up-to-date: /home/robot/jm_ws/install/phy_interface/include/phy_interface/phy_interface
[2.369s] -- Up-to-date: /home/robot/jm_ws/install/phy_interface/include/phy_interface/phy_interface/srv
[2.369s] -- Up-to-date: /home/robot/jm_ws/install/phy_interface/include/phy_interface/phy_interface/srv/detail
[2.369s] -- Installing: /home/robot/jm_ws/install/phy_interface/include/phy_interface/phy_interface/srv/detail/get_pose__type_support.c
[2.369s] -- Installing: /home/robot/jm_ws/install/phy_interface/include/phy_interface/phy_interface/srv/detail/json__rosidl_typesupport_introspection_c.h
[2.369s] -- Installing: /home/robot/jm_ws/install/phy_interface/include/phy_interface/phy_interface/srv/detail/get_pose__rosidl_typesupport_introspection_c.h
[2.369s] -- Installing: /home/robot/jm_ws/install/phy_interface/include/phy_interface/phy_interface/srv/detail/json__type_support.c
[2.370s] -- Up-to-date: /home/robot/jm_ws/install/phy_interface/include/phy_interface/phy_interface/msg
[2.370s] -- Installing: /home/robot/jm_ws/install/phy_interface/include/phy_interface/phy_interface/msg/rosidl_typesupport_introspection_c__visibility_control.h
[2.370s] -- Up-to-date: /home/robot/jm_ws/install/phy_interface/include/phy_interface/phy_interface/action
[2.370s] -- Up-to-date: /home/robot/jm_ws/install/phy_interface/include/phy_interface/phy_interface/action/detail
[2.370s] -- Installing: /home/robot/jm_ws/install/phy_interface/include/phy_interface/phy_interface/action/detail/move__type_support.c
[2.370s] -- Installing: /home/robot/jm_ws/install/phy_interface/include/phy_interface/phy_interface/action/detail/move__rosidl_typesupport_introspection_c.h
[2.370s] -- Installing: /home/robot/jm_ws/install/phy_interface/lib/libphy_interface__rosidl_typesupport_introspection_c.so
[2.371s] -- Set runtime path of "/home/robot/jm_ws/install/phy_interface/lib/libphy_interface__rosidl_typesupport_introspection_c.so" to ""
[2.371s] -- Installing: /home/robot/jm_ws/install/phy_interface/lib/libphy_interface__rosidl_typesupport_c.so
[2.371s] -- Set runtime path of "/home/robot/jm_ws/install/phy_interface/lib/libphy_interface__rosidl_typesupport_c.so" to ""
[2.371s] -- Up-to-date: /home/robot/jm_ws/install/phy_interface/include/phy_interface/phy_interface
[2.371s] -- Up-to-date: /home/robot/jm_ws/install/phy_interface/include/phy_interface/phy_interface/srv
[2.371s] -- Installing: /home/robot/jm_ws/install/phy_interface/include/phy_interface/phy_interface/srv/get_pose.hpp
[2.371s] -- Installing: /home/robot/jm_ws/install/phy_interface/include/phy_interface/phy_interface/srv/json.hpp
[2.371s] -- Up-to-date: /home/robot/jm_ws/install/phy_interface/include/phy_interface/phy_interface/srv/detail
[2.371s] -- Installing: /home/robot/jm_ws/install/phy_interface/include/phy_interface/phy_interface/srv/detail/get_pose__type_support.hpp
[2.372s] -- Installing: /home/robot/jm_ws/install/phy_interface/include/phy_interface/phy_interface/srv/detail/get_pose__builder.hpp
[2.372s] -- Installing: /home/robot/jm_ws/install/phy_interface/include/phy_interface/phy_interface/srv/detail/get_pose__traits.hpp
[2.372s] -- Installing: /home/robot/jm_ws/install/phy_interface/include/phy_interface/phy_interface/srv/detail/json__builder.hpp
[2.372s] -- Installing: /home/robot/jm_ws/install/phy_interface/include/phy_interface/phy_interface/srv/detail/json__struct.hpp
[2.372s] -- Installing: /home/robot/jm_ws/install/phy_interface/include/phy_interface/phy_interface/srv/detail/json__traits.hpp
[2.372s] -- Installing: /home/robot/jm_ws/install/phy_interface/include/phy_interface/phy_interface/srv/detail/get_pose__struct.hpp
[2.372s] -- Installing: /home/robot/jm_ws/install/phy_interface/include/phy_interface/phy_interface/srv/detail/json__type_support.hpp
[2.372s] -- Up-to-date: /home/robot/jm_ws/install/phy_interface/include/phy_interface/phy_interface/msg
[2.372s] -- Installing: /home/robot/jm_ws/install/phy_interface/include/phy_interface/phy_interface/msg/rosidl_generator_cpp__visibility_control.hpp
[2.372s] -- Up-to-date: /home/robot/jm_ws/install/phy_interface/include/phy_interface/phy_interface/action
[2.372s] -- Installing: /home/robot/jm_ws/install/phy_interface/include/phy_interface/phy_interface/action/move.hpp
[2.372s] -- Up-to-date: /home/robot/jm_ws/install/phy_interface/include/phy_interface/phy_interface/action/detail
[2.372s] -- Installing: /home/robot/jm_ws/install/phy_interface/include/phy_interface/phy_interface/action/detail/move__builder.hpp
[2.372s] -- Installing: /home/robot/jm_ws/install/phy_interface/include/phy_interface/phy_interface/action/detail/move__type_support.hpp
[2.372s] -- Installing: /home/robot/jm_ws/install/phy_interface/include/phy_interface/phy_interface/action/detail/move__traits.hpp
[2.372s] -- Installing: /home/robot/jm_ws/install/phy_interface/include/phy_interface/phy_interface/action/detail/move__struct.hpp
[2.372s] -- Up-to-date: /home/robot/jm_ws/install/phy_interface/include/phy_interface/phy_interface
[2.373s] -- Up-to-date: /home/robot/jm_ws/install/phy_interface/include/phy_interface/phy_interface/srv
[2.373s] -- Up-to-date: /home/robot/jm_ws/install/phy_interface/include/phy_interface/phy_interface/srv/detail
[2.373s] -- Installing: /home/robot/jm_ws/install/phy_interface/include/phy_interface/phy_interface/srv/detail/get_pose__rosidl_typesupport_fastrtps_cpp.hpp
[2.373s] -- Installing: /home/robot/jm_ws/install/phy_interface/include/phy_interface/phy_interface/srv/detail/json__rosidl_typesupport_fastrtps_cpp.hpp
[2.373s] -- Installing: /home/robot/jm_ws/install/phy_interface/include/phy_interface/phy_interface/srv/detail/dds_fastrtps
[2.373s] -- Up-to-date: /home/robot/jm_ws/install/phy_interface/include/phy_interface/phy_interface/msg
[2.373s] -- Installing: /home/robot/jm_ws/install/phy_interface/include/phy_interface/phy_interface/msg/rosidl_typesupport_fastrtps_cpp__visibility_control.h
[2.373s] -- Up-to-date: /home/robot/jm_ws/install/phy_interface/include/phy_interface/phy_interface/action
[2.373s] -- Up-to-date: /home/robot/jm_ws/install/phy_interface/include/phy_interface/phy_interface/action/detail
[2.373s] -- Installing: /home/robot/jm_ws/install/phy_interface/include/phy_interface/phy_interface/action/detail/dds_fastrtps
[2.373s] -- Installing: /home/robot/jm_ws/install/phy_interface/include/phy_interface/phy_interface/action/detail/move__rosidl_typesupport_fastrtps_cpp.hpp
[2.373s] -- Installing: /home/robot/jm_ws/install/phy_interface/lib/libphy_interface__rosidl_typesupport_fastrtps_cpp.so
[2.373s] -- Set runtime path of "/home/robot/jm_ws/install/phy_interface/lib/libphy_interface__rosidl_typesupport_fastrtps_cpp.so" to ""
[2.373s] -- Up-to-date: /home/robot/jm_ws/install/phy_interface/include/phy_interface/phy_interface
[2.373s] -- Up-to-date: /home/robot/jm_ws/install/phy_interface/include/phy_interface/phy_interface/srv
[2.373s] -- Up-to-date: /home/robot/jm_ws/install/phy_interface/include/phy_interface/phy_interface/srv/detail
[2.374s] -- Installing: /home/robot/jm_ws/install/phy_interface/include/phy_interface/phy_interface/srv/detail/get_pose__type_support.cpp
[2.374s] -- Installing: /home/robot/jm_ws/install/phy_interface/include/phy_interface/phy_interface/srv/detail/get_pose__rosidl_typesupport_introspection_cpp.hpp
[2.374s] -- Installing: /home/robot/jm_ws/install/phy_interface/include/phy_interface/phy_interface/srv/detail/json__type_support.cpp
[2.374s] -- Installing: /home/robot/jm_ws/install/phy_interface/include/phy_interface/phy_interface/srv/detail/json__rosidl_typesupport_introspection_cpp.hpp
[2.374s] -- Up-to-date: /home/robot/jm_ws/install/phy_interface/include/phy_interface/phy_interface/action
[2.374s] -- Up-to-date: /home/robot/jm_ws/install/phy_interface/include/phy_interface/phy_interface/action/detail
[2.374s] -- Installing: /home/robot/jm_ws/install/phy_interface/include/phy_interface/phy_interface/action/detail/move__rosidl_typesupport_introspection_cpp.hpp
[2.374s] -- Installing: /home/robot/jm_ws/install/phy_interface/include/phy_interface/phy_interface/action/detail/move__type_support.cpp
[2.374s] -- Installing: /home/robot/jm_ws/install/phy_interface/lib/libphy_interface__rosidl_typesupport_introspection_cpp.so
[2.374s] -- Set runtime path of "/home/robot/jm_ws/install/phy_interface/lib/libphy_interface__rosidl_typesupport_introspection_cpp.so" to ""
[2.374s] -- Installing: /home/robot/jm_ws/install/phy_interface/lib/libphy_interface__rosidl_typesupport_cpp.so
[2.374s] -- Set runtime path of "/home/robot/jm_ws/install/phy_interface/lib/libphy_interface__rosidl_typesupport_cpp.so" to ""
[2.374s] -- Installing: /home/robot/jm_ws/install/phy_interface/share/phy_interface/environment/pythonpath.sh
[2.374s] -- Installing: /home/robot/jm_ws/install/phy_interface/share/phy_interface/environment/pythonpath.dsv
[2.374s] -- Installing: /home/robot/jm_ws/install/phy_interface/local/lib/python3.10/dist-packages/phy_interface-0.0.1-py3.10.egg-info
[2.374s] -- Installing: /home/robot/jm_ws/install/phy_interface/local/lib/python3.10/dist-packages/phy_interface-0.0.1-py3.10.egg-info/PKG-INFO
[2.374s] -- Installing: /home/robot/jm_ws/install/phy_interface/local/lib/python3.10/dist-packages/phy_interface-0.0.1-py3.10.egg-info/top_level.txt
[2.374s] -- Installing: /home/robot/jm_ws/install/phy_interface/local/lib/python3.10/dist-packages/phy_interface-0.0.1-py3.10.egg-info/SOURCES.txt
[2.374s] -- Installing: /home/robot/jm_ws/install/phy_interface/local/lib/python3.10/dist-packages/phy_interface-0.0.1-py3.10.egg-info/dependency_links.txt
[2.374s] -- Installing: /home/robot/jm_ws/install/phy_interface/local/lib/python3.10/dist-packages/phy_interface
[2.374s] -- Installing: /home/robot/jm_ws/install/phy_interface/local/lib/python3.10/dist-packages/phy_interface/_phy_interface_s.ep.rosidl_typesupport_fastrtps_c.c
[2.374s] -- Installing: /home/robot/jm_ws/install/phy_interface/local/lib/python3.10/dist-packages/phy_interface/_phy_interface_s.ep.rosidl_typesupport_c.c
[2.374s] -- Installing: /home/robot/jm_ws/install/phy_interface/local/lib/python3.10/dist-packages/phy_interface/_phy_interface_s.ep.rosidl_typesupport_introspection_c.c
[2.374s] -- Installing: /home/robot/jm_ws/install/phy_interface/local/lib/python3.10/dist-packages/phy_interface/srv
[2.374s] -- Installing: /home/robot/jm_ws/install/phy_interface/local/lib/python3.10/dist-packages/phy_interface/srv/_json.py
[2.374s] -- Installing: /home/robot/jm_ws/install/phy_interface/local/lib/python3.10/dist-packages/phy_interface/srv/_get_pose.py
[2.374s] -- Installing: /home/robot/jm_ws/install/phy_interface/local/lib/python3.10/dist-packages/phy_interface/srv/_json_s.c
[2.374s] -- Installing: /home/robot/jm_ws/install/phy_interface/local/lib/python3.10/dist-packages/phy_interface/srv/_get_pose_s.c
[2.374s] -- Installing: /home/robot/jm_ws/install/phy_interface/local/lib/python3.10/dist-packages/phy_interface/srv/__init__.py
[2.374s] -- Installing: /home/robot/jm_ws/install/phy_interface/local/lib/python3.10/dist-packages/phy_interface/phy_interface_s__rosidl_typesupport_fastrtps_c.cpython-310-x86_64-linux-gnu.so
[2.374s] -- Installing: /home/robot/jm_ws/install/phy_interface/local/lib/python3.10/dist-packages/phy_interface/action
[2.374s] -- Installing: /home/robot/jm_ws/install/phy_interface/local/lib/python3.10/dist-packages/phy_interface/action/_move_s.c
[2.374s] -- Installing: /home/robot/jm_ws/install/phy_interface/local/lib/python3.10/dist-packages/phy_interface/action/_move.py
[2.374s] -- Installing: /home/robot/jm_ws/install/phy_interface/local/lib/python3.10/dist-packages/phy_interface/action/__init__.py
[2.374s] -- Installing: /home/robot/jm_ws/install/phy_interface/local/lib/python3.10/dist-packages/phy_interface/libphy_interface__rosidl_generator_py.so
[2.374s] -- Installing: /home/robot/jm_ws/install/phy_interface/local/lib/python3.10/dist-packages/phy_interface/phy_interface_s__rosidl_typesupport_introspection_c.cpython-310-x86_64-linux-gnu.so
[2.374s] -- Installing: /home/robot/jm_ws/install/phy_interface/local/lib/python3.10/dist-packages/phy_interface/__init__.py
[2.374s] -- Installing: /home/robot/jm_ws/install/phy_interface/local/lib/python3.10/dist-packages/phy_interface/phy_interface_s__rosidl_typesupport_c.cpython-310-x86_64-linux-gnu.so
[2.393s] Listing '/home/robot/jm_ws/install/phy_interface/local/lib/python3.10/dist-packages/phy_interface'...
[2.393s] Compiling '/home/robot/jm_ws/install/phy_interface/local/lib/python3.10/dist-packages/phy_interface/__init__.py'...
[2.393s] Listing '/home/robot/jm_ws/install/phy_interface/local/lib/python3.10/dist-packages/phy_interface/action'...
[2.393s] Compiling '/home/robot/jm_ws/install/phy_interface/local/lib/python3.10/dist-packages/phy_interface/action/__init__.py'...
[2.393s] Compiling '/home/robot/jm_ws/install/phy_interface/local/lib/python3.10/dist-packages/phy_interface/action/_move.py'...
[2.393s] Listing '/home/robot/jm_ws/install/phy_interface/local/lib/python3.10/dist-packages/phy_interface/srv'...
[2.393s] Compiling '/home/robot/jm_ws/install/phy_interface/local/lib/python3.10/dist-packages/phy_interface/srv/__init__.py'...
[2.393s] Compiling '/home/robot/jm_ws/install/phy_interface/local/lib/python3.10/dist-packages/phy_interface/srv/_get_pose.py'...
[2.393s] Compiling '/home/robot/jm_ws/install/phy_interface/local/lib/python3.10/dist-packages/phy_interface/srv/_json.py'...
[2.395s] -- Installing: /home/robot/jm_ws/install/phy_interface/local/lib/python3.10/dist-packages/phy_interface/phy_interface_s__rosidl_typesupport_fastrtps_c.cpython-310-x86_64-linux-gnu.so
[2.395s] -- Set runtime path of "/home/robot/jm_ws/install/phy_interface/local/lib/python3.10/dist-packages/phy_interface/phy_interface_s__rosidl_typesupport_fastrtps_c.cpython-310-x86_64-linux-gnu.so" to ""
[2.395s] -- Installing: /home/robot/jm_ws/install/phy_interface/local/lib/python3.10/dist-packages/phy_interface/phy_interface_s__rosidl_typesupport_introspection_c.cpython-310-x86_64-linux-gnu.so
[2.395s] -- Set runtime path of "/home/robot/jm_ws/install/phy_interface/local/lib/python3.10/dist-packages/phy_interface/phy_interface_s__rosidl_typesupport_introspection_c.cpython-310-x86_64-linux-gnu.so" to ""
[2.395s] -- Installing: /home/robot/jm_ws/install/phy_interface/local/lib/python3.10/dist-packages/phy_interface/phy_interface_s__rosidl_typesupport_c.cpython-310-x86_64-linux-gnu.so
[2.395s] -- Set runtime path of "/home/robot/jm_ws/install/phy_interface/local/lib/python3.10/dist-packages/phy_interface/phy_interface_s__rosidl_typesupport_c.cpython-310-x86_64-linux-gnu.so" to ""
[2.395s] -- Installing: /home/robot/jm_ws/install/phy_interface/lib/libphy_interface__rosidl_generator_py.so
[2.396s] -- Set runtime path of "/home/robot/jm_ws/install/phy_interface/lib/libphy_interface__rosidl_generator_py.so" to ""
[2.397s] -- Installing: /home/robot/jm_ws/install/phy_interface/share/phy_interface/srv/Json.idl
[2.397s] -- Installing: /home/robot/jm_ws/install/phy_interface/share/phy_interface/srv/GetPose.idl
[2.397s] -- Installing: /home/robot/jm_ws/install/phy_interface/share/phy_interface/action/Move.idl
[2.397s] -- Installing: /home/robot/jm_ws/install/phy_interface/share/phy_interface/srv/Json.srv
[2.397s] -- Installing: /home/robot/jm_ws/install/phy_interface/share/phy_interface/srv/Json_Request.msg
[2.397s] -- Installing: /home/robot/jm_ws/install/phy_interface/share/phy_interface/srv/Json_Response.msg
[2.397s] -- Installing: /home/robot/jm_ws/install/phy_interface/share/phy_interface/srv/GetPose.srv
[2.397s] -- Installing: /home/robot/jm_ws/install/phy_interface/share/phy_interface/srv/GetPose_Request.msg
[2.397s] -- Installing: /home/robot/jm_ws/install/phy_interface/share/phy_interface/srv/GetPose_Response.msg
[2.397s] -- Installing: /home/robot/jm_ws/install/phy_interface/share/phy_interface/action/Move.action
[2.397s] -- Installing: /home/robot/jm_ws/install/phy_interface/share/ament_index/resource_index/package_run_dependencies/phy_interface
[2.397s] -- Installing: /home/robot/jm_ws/install/phy_interface/share/ament_index/resource_index/parent_prefix_path/phy_interface
[2.397s] -- Installing: /home/robot/jm_ws/install/phy_interface/share/phy_interface/environment/ament_prefix_path.sh
[2.397s] -- Installing: /home/robot/jm_ws/install/phy_interface/share/phy_interface/environment/ament_prefix_path.dsv
[2.397s] -- Installing: /home/robot/jm_ws/install/phy_interface/share/phy_interface/environment/path.sh
[2.397s] -- Installing: /home/robot/jm_ws/install/phy_interface/share/phy_interface/environment/path.dsv
[2.397s] -- Installing: /home/robot/jm_ws/install/phy_interface/share/phy_interface/local_setup.bash
[2.397s] -- Installing: /home/robot/jm_ws/install/phy_interface/share/phy_interface/local_setup.sh
[2.397s] -- Installing: /home/robot/jm_ws/install/phy_interface/share/phy_interface/local_setup.zsh
[2.397s] -- Installing: /home/robot/jm_ws/install/phy_interface/share/phy_interface/local_setup.dsv
[2.397s] -- Installing: /home/robot/jm_ws/install/phy_interface/share/phy_interface/package.dsv
[2.397s] -- Installing: /home/robot/jm_ws/install/phy_interface/share/ament_index/resource_index/packages/phy_interface
[2.397s] -- Installing: /home/robot/jm_ws/install/phy_interface/share/phy_interface/cmake/export_phy_interface__rosidl_generator_cExport.cmake
[2.397s] -- Installing: /home/robot/jm_ws/install/phy_interface/share/phy_interface/cmake/export_phy_interface__rosidl_generator_cExport-noconfig.cmake
[2.397s] -- Installing: /home/robot/jm_ws/install/phy_interface/share/phy_interface/cmake/export_phy_interface__rosidl_typesupport_fastrtps_cExport.cmake
[2.397s] -- Installing: /home/robot/jm_ws/install/phy_interface/share/phy_interface/cmake/export_phy_interface__rosidl_typesupport_fastrtps_cExport-noconfig.cmake
[2.397s] -- Installing: /home/robot/jm_ws/install/phy_interface/share/phy_interface/cmake/phy_interface__rosidl_typesupport_introspection_cExport.cmake
[2.398s] -- Installing: /home/robot/jm_ws/install/phy_interface/share/phy_interface/cmake/phy_interface__rosidl_typesupport_introspection_cExport-noconfig.cmake
[2.398s] -- Installing: /home/robot/jm_ws/install/phy_interface/share/phy_interface/cmake/phy_interface__rosidl_typesupport_cExport.cmake
[2.398s] -- Installing: /home/robot/jm_ws/install/phy_interface/share/phy_interface/cmake/phy_interface__rosidl_typesupport_cExport-noconfig.cmake
[2.398s] -- Installing: /home/robot/jm_ws/install/phy_interface/share/phy_interface/cmake/export_phy_interface__rosidl_generator_cppExport.cmake
[2.398s] -- Installing: /home/robot/jm_ws/install/phy_interface/share/phy_interface/cmake/export_phy_interface__rosidl_typesupport_fastrtps_cppExport.cmake
[2.398s] -- Installing: /home/robot/jm_ws/install/phy_interface/share/phy_interface/cmake/export_phy_interface__rosidl_typesupport_fastrtps_cppExport-noconfig.cmake
[2.398s] -- Installing: /home/robot/jm_ws/install/phy_interface/share/phy_interface/cmake/phy_interface__rosidl_typesupport_introspection_cppExport.cmake
[2.398s] -- Installing: /home/robot/jm_ws/install/phy_interface/share/phy_interface/cmake/phy_interface__rosidl_typesupport_introspection_cppExport-noconfig.cmake
[2.398s] -- Installing: /home/robot/jm_ws/install/phy_interface/share/phy_interface/cmake/phy_interface__rosidl_typesupport_cppExport.cmake
[2.398s] -- Installing: /home/robot/jm_ws/install/phy_interface/share/phy_interface/cmake/phy_interface__rosidl_typesupport_cppExport-noconfig.cmake
[2.398s] -- Installing: /home/robot/jm_ws/install/phy_interface/share/phy_interface/cmake/export_phy_interface__rosidl_generator_pyExport.cmake
[2.398s] -- Installing: /home/robot/jm_ws/install/phy_interface/share/phy_interface/cmake/export_phy_interface__rosidl_generator_pyExport-noconfig.cmake
[2.398s] -- Installing: /home/robot/jm_ws/install/phy_interface/share/phy_interface/cmake/rosidl_cmake-extras.cmake
[2.398s] -- Installing: /home/robot/jm_ws/install/phy_interface/share/phy_interface/cmake/ament_cmake_export_dependencies-extras.cmake
[2.398s] -- Installing: /home/robot/jm_ws/install/phy_interface/share/phy_interface/cmake/ament_cmake_export_include_directories-extras.cmake
[2.398s] -- Installing: /home/robot/jm_ws/install/phy_interface/share/phy_interface/cmake/ament_cmake_export_libraries-extras.cmake
[2.398s] -- Installing: /home/robot/jm_ws/install/phy_interface/share/phy_interface/cmake/ament_cmake_export_targets-extras.cmake
[2.398s] -- Installing: /home/robot/jm_ws/install/phy_interface/share/phy_interface/cmake/rosidl_cmake_export_typesupport_targets-extras.cmake
[2.398s] -- Installing: /home/robot/jm_ws/install/phy_interface/share/phy_interface/cmake/rosidl_cmake_export_typesupport_libraries-extras.cmake
[2.398s] -- Installing: /home/robot/jm_ws/install/phy_interface/share/phy_interface/cmake/phy_interfaceConfig.cmake
[2.398s] -- Installing: /home/robot/jm_ws/install/phy_interface/share/phy_interface/cmake/phy_interfaceConfig-version.cmake
[2.398s] -- Installing: /home/robot/jm_ws/install/phy_interface/share/phy_interface/package.xml
[2.399s] Invoked command in '/home/robot/jm_ws/build/phy_interface' returned '0': CMAKE_PREFIX_PATH=${CMAKE_PREFIX_PATH}:/home/robot/ros2_ws/install/dsr_visualservoing:/home/robot/ros2_ws/install/dsr_tests:/home/robot/ros2_ws/install/dsr_bringup2:/home/robot/ros2_ws/install/dsr_example:/opt/ros/humble /usr/bin/cmake --install /home/robot/jm_ws/build/phy_interface
