running egg_info
creating ../../build/phy_core/phy_core.egg-info
writing ../../build/phy_core/phy_core.egg-info/PKG-INFO
writing dependency_links to ../../build/phy_core/phy_core.egg-info/dependency_links.txt
writing entry points to ../../build/phy_core/phy_core.egg-info/entry_points.txt
writing requirements to ../../build/phy_core/phy_core.egg-info/requires.txt
writing top-level names to ../../build/phy_core/phy_core.egg-info/top_level.txt
writing manifest file '../../build/phy_core/phy_core.egg-info/SOURCES.txt'
reading manifest file '../../build/phy_core/phy_core.egg-info/SOURCES.txt'
writing manifest file '../../build/phy_core/phy_core.egg-info/SOURCES.txt'
running build
running build_py
creating /home/robot/jm_ws/build/phy_core/build
creating /home/robot/jm_ws/build/phy_core/build/lib
creating /home/robot/jm_ws/build/phy_core/build/lib/phy_core
copying phy_core/orchestration_node.py -> /home/robot/jm_ws/build/phy_core/build/lib/phy_core
copying phy_core/sam3_node.py -> /home/robot/jm_ws/build/phy_core/build/lib/phy_core
copying phy_core/__init__.py -> /home/robot/jm_ws/build/phy_core/build/lib/phy_core
running install
running install_lib
creating /home/robot/jm_ws/install/phy_core/lib/python3.10/site-packages/phy_core
copying /home/robot/jm_ws/build/phy_core/build/lib/phy_core/orchestration_node.py -> /home/robot/jm_ws/install/phy_core/lib/python3.10/site-packages/phy_core
copying /home/robot/jm_ws/build/phy_core/build/lib/phy_core/sam3_node.py -> /home/robot/jm_ws/install/phy_core/lib/python3.10/site-packages/phy_core
copying /home/robot/jm_ws/build/phy_core/build/lib/phy_core/__init__.py -> /home/robot/jm_ws/install/phy_core/lib/python3.10/site-packages/phy_core
byte-compiling /home/robot/jm_ws/install/phy_core/lib/python3.10/site-packages/phy_core/orchestration_node.py to orchestration_node.cpython-310.pyc
byte-compiling /home/robot/jm_ws/install/phy_core/lib/python3.10/site-packages/phy_core/sam3_node.py to sam3_node.cpython-310.pyc
byte-compiling /home/robot/jm_ws/install/phy_core/lib/python3.10/site-packages/phy_core/__init__.py to __init__.cpython-310.pyc
running install_data
creating /home/robot/jm_ws/install/phy_core/share/ament_index
creating /home/robot/jm_ws/install/phy_core/share/ament_index/resource_index
creating /home/robot/jm_ws/install/phy_core/share/ament_index/resource_index/packages
copying resource/phy_core -> /home/robot/jm_ws/install/phy_core/share/ament_index/resource_index/packages
copying package.xml -> /home/robot/jm_ws/install/phy_core/share/phy_core
creating /home/robot/jm_ws/install/phy_core/share/phy_core/launch
copying launch/orchestration.launch.py -> /home/robot/jm_ws/install/phy_core/share/phy_core/launch
creating /home/robot/jm_ws/install/phy_core/share/phy_core/config
copying config/waypoints.yaml -> /home/robot/jm_ws/install/phy_core/share/phy_core/config
running install_egg_info
Copying ../../build/phy_core/phy_core.egg-info to /home/robot/jm_ws/install/phy_core/lib/python3.10/site-packages/phy_core-0.1.0-py3.10.egg-info
running install_scripts
Installing orchestration_node script to /home/robot/jm_ws/install/phy_core/lib/phy_core
Installing sam3_node script to /home/robot/jm_ws/install/phy_core/lib/phy_core
writing list of installed files to '/home/robot/jm_ws/build/phy_core/install.log'
