[0.274s] Invoking command in '/home/robot/jm_ws/src/phy_core': AMENT_PREFIX_PATH=/home/robot/jm_ws/install/phy_interface:${AMENT_PREFIX_PATH} CMAKE_PREFIX_PATH=/home/robot/jm_ws/install/phy_interface:${CMAKE_PREFIX_PATH} LD_LIBRARY_PATH=/home/robot/jm_ws/install/phy_interface/lib:${LD_LIBRARY_PATH} PYTHONPATH=/home/robot/jm_ws/build/phy_core/prefix_override:/usr/lib/python3/dist-packages/colcon_core/task/python/colcon_distutils_commands:/home/robot/jm_ws/install/phy_core/lib/python3.10/site-packages:/home/robot/jm_ws/install/phy_interface/local/lib/python3.10/dist-packages:${PYTHONPATH} /usr/bin/python3 -W ignore:setup.py install is deprecated -W ignore:easy_install command is deprecated setup.py egg_info --egg-base ../../build/phy_core build --build-base /home/robot/jm_ws/build/phy_core/build install --record /home/robot/jm_ws/build/phy_core/install.log --single-version-externally-managed install_data
[0.376s] running egg_info
[0.376s] creating ../../build/phy_core/phy_core.egg-info
[0.376s] writing ../../build/phy_core/phy_core.egg-info/PKG-INFO
[0.376s] writing dependency_links to ../../build/phy_core/phy_core.egg-info/dependency_links.txt
[0.376s] writing entry points to ../../build/phy_core/phy_core.egg-info/entry_points.txt
[0.376s] writing requirements to ../../build/phy_core/phy_core.egg-info/requires.txt
[0.376s] writing top-level names to ../../build/phy_core/phy_core.egg-info/top_level.txt
[0.376s] writing manifest file '../../build/phy_core/phy_core.egg-info/SOURCES.txt'
[0.377s] reading manifest file '../../build/phy_core/phy_core.egg-info/SOURCES.txt'
[0.377s] writing manifest file '../../build/phy_core/phy_core.egg-info/SOURCES.txt'
[0.377s] running build
[0.377s] running build_py
[0.377s] creating /home/robot/jm_ws/build/phy_core/build
[0.377s] creating /home/robot/jm_ws/build/phy_core/build/lib
[0.377s] creating /home/robot/jm_ws/build/phy_core/build/lib/phy_core
[0.377s] copying phy_core/orchestration_node.py -> /home/robot/jm_ws/build/phy_core/build/lib/phy_core
[0.377s] copying phy_core/sam3_node.py -> /home/robot/jm_ws/build/phy_core/build/lib/phy_core
[0.377s] copying phy_core/__init__.py -> /home/robot/jm_ws/build/phy_core/build/lib/phy_core
[0.377s] running install
[0.377s] running install_lib
[0.378s] creating /home/robot/jm_ws/install/phy_core/lib/python3.10/site-packages/phy_core
[0.378s] copying /home/robot/jm_ws/build/phy_core/build/lib/phy_core/orchestration_node.py -> /home/robot/jm_ws/install/phy_core/lib/python3.10/site-packages/phy_core
[0.378s] copying /home/robot/jm_ws/build/phy_core/build/lib/phy_core/sam3_node.py -> /home/robot/jm_ws/install/phy_core/lib/python3.10/site-packages/phy_core
[0.378s] copying /home/robot/jm_ws/build/phy_core/build/lib/phy_core/__init__.py -> /home/robot/jm_ws/install/phy_core/lib/python3.10/site-packages/phy_core
[0.378s] byte-compiling /home/robot/jm_ws/install/phy_core/lib/python3.10/site-packages/phy_core/orchestration_node.py to orchestration_node.cpython-310.pyc
[0.379s] byte-compiling /home/robot/jm_ws/install/phy_core/lib/python3.10/site-packages/phy_core/sam3_node.py to sam3_node.cpython-310.pyc
[0.379s] byte-compiling /home/robot/jm_ws/install/phy_core/lib/python3.10/site-packages/phy_core/__init__.py to __init__.cpython-310.pyc
[0.379s] running install_data
[0.379s] creating /home/robot/jm_ws/install/phy_core/share/ament_index
[0.379s] creating /home/robot/jm_ws/install/phy_core/share/ament_index/resource_index
[0.379s] creating /home/robot/jm_ws/install/phy_core/share/ament_index/resource_index/packages
[0.379s] copying resource/phy_core -> /home/robot/jm_ws/install/phy_core/share/ament_index/resource_index/packages
[0.379s] copying package.xml -> /home/robot/jm_ws/install/phy_core/share/phy_core
[0.379s] creating /home/robot/jm_ws/install/phy_core/share/phy_core/launch
[0.379s] copying launch/orchestration.launch.py -> /home/robot/jm_ws/install/phy_core/share/phy_core/launch
[0.379s] creating /home/robot/jm_ws/install/phy_core/share/phy_core/config
[0.379s] copying config/waypoints.yaml -> /home/robot/jm_ws/install/phy_core/share/phy_core/config
[0.379s] running install_egg_info
[0.380s] Copying ../../build/phy_core/phy_core.egg-info to /home/robot/jm_ws/install/phy_core/lib/python3.10/site-packages/phy_core-0.1.0-py3.10.egg-info
[0.380s] running install_scripts
[0.390s] Installing orchestration_node script to /home/robot/jm_ws/install/phy_core/lib/phy_core
[0.390s] Installing sam3_node script to /home/robot/jm_ws/install/phy_core/lib/phy_core
[0.390s] writing list of installed files to '/home/robot/jm_ws/build/phy_core/install.log'
[0.400s] Invoked command in '/home/robot/jm_ws/src/phy_core' returned '0': AMENT_PREFIX_PATH=/home/robot/jm_ws/install/phy_interface:${AMENT_PREFIX_PATH} CMAKE_PREFIX_PATH=/home/robot/jm_ws/install/phy_interface:${CMAKE_PREFIX_PATH} LD_LIBRARY_PATH=/home/robot/jm_ws/install/phy_interface/lib:${LD_LIBRARY_PATH} PYTHONPATH=/home/robot/jm_ws/build/phy_core/prefix_override:/usr/lib/python3/dist-packages/colcon_core/task/python/colcon_distutils_commands:/home/robot/jm_ws/install/phy_core/lib/python3.10/site-packages:/home/robot/jm_ws/install/phy_interface/local/lib/python3.10/dist-packages:${PYTHONPATH} /usr/bin/python3 -W ignore:setup.py install is deprecated -W ignore:easy_install command is deprecated setup.py egg_info --egg-base ../../build/phy_core build --build-base /home/robot/jm_ws/build/phy_core/build install --record /home/robot/jm_ws/build/phy_core/install.log --single-version-externally-managed install_data
