-- The C compiler identification is GNU 11.4.0
-- The CXX compiler identification is GNU 11.4.0
-- Detecting C compiler ABI info
-- Detecting C compiler ABI info - done
-- Check for working C compiler: /usr/bin/cc - skipped
-- Detecting C compile features
-- Detecting C compile features - done
-- Detecting CXX compiler ABI info
-- Detecting CXX compiler ABI info - done
-- Check for working CXX compiler: /usr/bin/c++ - skipped
-- Detecting CXX compile features
-- Detecting CXX compile features - done
-- Found ament_cmake: 1.3.12 (/opt/ros/humble/share/ament_cmake/cmake)
-- Found Python3: /usr/bin/python3 (found version "3.10.12") found components: Interpreter 
-- Found rosidl_default_generators: 1.2.0 (/opt/ros/humble/share/rosidl_default_generators/cmake)
-- Using all available rosidl_typesupport_c: rosidl_typesupport_fastrtps_c;rosidl_typesupport_introspection_c
-- Found rosidl_adapter: 3.1.7 (/opt/ros/humble/share/rosidl_adapter/cmake)
-- Using all available rosidl_typesupport_cpp: rosidl_typesupport_fastrtps_cpp;rosidl_typesupport_introspection_cpp
-- Found ament_cmake_ros: 0.10.0 (/opt/ros/humble/share/ament_cmake_ros/cmake)
-- Using all available rosidl_typesupport_c: rosidl_typesupport_fastrtps_c;rosidl_typesupport_introspection_c
-- Using all available rosidl_typesupport_cpp: rosidl_typesupport_fastrtps_cpp;rosidl_typesupport_introspection_cpp
-- Found PythonInterp: /usr/bin/python3 (found suitable version "3.10.12", minimum required is "3.6") 
-- Found python_cmake_module: 0.10.0 (/opt/ros/humble/share/python_cmake_module/cmake)
-- Found PythonLibs: /usr/lib/x86_64-linux-gnu/libpython3.10.so (found suitable version "3.10.12", minimum required is "3.5") 
-- Using PYTHON_EXECUTABLE: /usr/bin/python3
-- Using PYTHON_INCLUDE_DIRS: /usr/include/python3.10
-- Using PYTHON_LIBRARIES: /usr/lib/x86_64-linux-gnu/libpython3.10.so
-- Found PythonExtra: .so  
-- Configuring done
-- Generating done
-- Build files have been written to: /home/robot/jm_ws/build/pick_place_interfaces
[  1%] Generating C code for ROS interfaces
[  3%] Generating C++ code for ROS interfaces
[  3%] Built target ament_cmake_python_copy_pick_place_interfaces
running egg_info
creating pick_place_interfaces.egg-info
writing pick_place_interfaces.egg-info/PKG-INFO
writing dependency_links to pick_place_interfaces.egg-info/dependency_links.txt
writing top-level names to pick_place_interfaces.egg-info/top_level.txt
writing manifest file 'pick_place_interfaces.egg-info/SOURCES.txt'
reading manifest file 'pick_place_interfaces.egg-info/SOURCES.txt'
writing manifest file 'pick_place_interfaces.egg-info/SOURCES.txt'
[  3%] Built target ament_cmake_python_build_pick_place_interfaces_egg
[  3%] Built target pick_place_interfaces__cpp
[  5%] Building C object CMakeFiles/pick_place_interfaces__rosidl_generator_c.dir/rosidl_generator_c/pick_place_interfaces/srv/detail/pick_place_task__functions.c.o
[  7%] Building C object CMakeFiles/pick_place_interfaces__rosidl_generator_c.dir/rosidl_generator_c/pick_place_interfaces/srv/detail/get_pick_pose__functions.c.o
[  9%] Building C object CMakeFiles/pick_place_interfaces__rosidl_generator_c.dir/rosidl_generator_c/pick_place_interfaces/msg/detail/object_pose__functions.c.o
[ 10%] Building C object CMakeFiles/pick_place_interfaces__rosidl_generator_c.dir/rosidl_generator_c/pick_place_interfaces/srv/detail/validate_object__functions.c.o
[ 12%] Generating C++ type support dispatch for ROS interfaces
[ 14%] Generating C++ type support for eProsima Fast-RTPS
[ 16%] Generating C++ introspection for ROS interfaces
[ 18%] Linking C shared library libpick_place_interfaces__rosidl_generator_c.so
[ 18%] Built target pick_place_interfaces__rosidl_generator_c
[ 20%] Generating C type support for eProsima Fast-RTPS
[ 21%] Generating C introspection for ROS interfaces
[ 23%] Generating C type support dispatch for ROS interfaces
[ 25%] Building CXX object CMakeFiles/pick_place_interfaces__rosidl_typesupport_cpp.dir/rosidl_typesupport_cpp/pick_place_interfaces/msg/object_pose__type_support.cpp.o
[ 27%] Building CXX object CMakeFiles/pick_place_interfaces__rosidl_typesupport_cpp.dir/rosidl_typesupport_cpp/pick_place_interfaces/srv/pick_place_task__type_support.cpp.o
[ 29%] Building CXX object CMakeFiles/pick_place_interfaces__rosidl_typesupport_cpp.dir/rosidl_typesupport_cpp/pick_place_interfaces/srv/get_pick_pose__type_support.cpp.o
[ 30%] Building CXX object CMakeFiles/pick_place_interfaces__rosidl_typesupport_cpp.dir/rosidl_typesupport_cpp/pick_place_interfaces/srv/validate_object__type_support.cpp.o
[ 36%] Building CXX object CMakeFiles/pick_place_interfaces__rosidl_typesupport_introspection_cpp.dir/rosidl_typesupport_introspection_cpp/pick_place_interfaces/srv/detail/validate_object__type_support.cpp.o
[ 38%] Building CXX object CMakeFiles/pick_place_interfaces__rosidl_typesupport_introspection_cpp.dir/rosidl_typesupport_introspection_cpp/pick_place_interfaces/msg/detail/object_pose__type_support.cpp.o
[ 38%] Building CXX object CMakeFiles/pick_place_interfaces__rosidl_typesupport_introspection_cpp.dir/rosidl_typesupport_introspection_cpp/pick_place_interfaces/srv/detail/pick_place_task__type_support.cpp.o
[ 38%] Building CXX object CMakeFiles/pick_place_interfaces__rosidl_typesupport_introspection_cpp.dir/rosidl_typesupport_introspection_cpp/pick_place_interfaces/srv/detail/get_pick_pose__type_support.cpp.o
[ 40%] Building CXX object CMakeFiles/pick_place_interfaces__rosidl_typesupport_fastrtps_cpp.dir/rosidl_typesupport_fastrtps_cpp/pick_place_interfaces/msg/detail/dds_fastrtps/object_pose__type_support.cpp.o
[ 41%] Building CXX object CMakeFiles/pick_place_interfaces__rosidl_typesupport_fastrtps_cpp.dir/rosidl_typesupport_fastrtps_cpp/pick_place_interfaces/srv/detail/dds_fastrtps/pick_place_task__type_support.cpp.o
[ 43%] Building CXX object CMakeFiles/pick_place_interfaces__rosidl_typesupport_fastrtps_cpp.dir/rosidl_typesupport_fastrtps_cpp/pick_place_interfaces/srv/detail/dds_fastrtps/get_pick_pose__type_support.cpp.o
[ 45%] Building CXX object CMakeFiles/pick_place_interfaces__rosidl_typesupport_fastrtps_cpp.dir/rosidl_typesupport_fastrtps_cpp/pick_place_interfaces/srv/detail/dds_fastrtps/validate_object__type_support.cpp.o
[ 49%] Building CXX object CMakeFiles/pick_place_interfaces__rosidl_typesupport_c.dir/rosidl_typesupport_c/pick_place_interfaces/msg/object_pose__type_support.cpp.o
[ 49%] Building CXX object CMakeFiles/pick_place_interfaces__rosidl_typesupport_c.dir/rosidl_typesupport_c/pick_place_interfaces/srv/pick_place_task__type_support.cpp.o
[ 50%] Building CXX object CMakeFiles/pick_place_interfaces__rosidl_typesupport_c.dir/rosidl_typesupport_c/pick_place_interfaces/srv/get_pick_pose__type_support.cpp.o
[ 52%] Building CXX object CMakeFiles/pick_place_interfaces__rosidl_typesupport_c.dir/rosidl_typesupport_c/pick_place_interfaces/srv/validate_object__type_support.cpp.o
[ 54%] Linking CXX shared library libpick_place_interfaces__rosidl_typesupport_c.so
[ 56%] Building C object CMakeFiles/pick_place_interfaces__rosidl_typesupport_introspection_c.dir/rosidl_typesupport_introspection_c/pick_place_interfaces/msg/detail/object_pose__type_support.c.o
[ 58%] Building C object CMakeFiles/pick_place_interfaces__rosidl_typesupport_introspection_c.dir/rosidl_typesupport_introspection_c/pick_place_interfaces/srv/detail/pick_place_task__type_support.c.o
[ 60%] Building C object CMakeFiles/pick_place_interfaces__rosidl_typesupport_introspection_c.dir/rosidl_typesupport_introspection_c/pick_place_interfaces/srv/detail/get_pick_pose__type_support.c.o
[ 61%] Building C object CMakeFiles/pick_place_interfaces__rosidl_typesupport_introspection_c.dir/rosidl_typesupport_introspection_c/pick_place_interfaces/srv/detail/validate_object__type_support.c.o
[ 65%] Building CXX object CMakeFiles/pick_place_interfaces__rosidl_typesupport_fastrtps_c.dir/rosidl_typesupport_fastrtps_c/pick_place_interfaces/srv/detail/get_pick_pose__type_support_c.cpp.o
[ 65%] Building CXX object CMakeFiles/pick_place_interfaces__rosidl_typesupport_fastrtps_c.dir/rosidl_typesupport_fastrtps_c/pick_place_interfaces/srv/detail/pick_place_task__type_support_c.cpp.o
[ 67%] Building CXX object CMakeFiles/pick_place_interfaces__rosidl_typesupport_fastrtps_c.dir/rosidl_typesupport_fastrtps_c/pick_place_interfaces/msg/detail/object_pose__type_support_c.cpp.o
[ 69%] Building CXX object CMakeFiles/pick_place_interfaces__rosidl_typesupport_fastrtps_c.dir/rosidl_typesupport_fastrtps_c/pick_place_interfaces/srv/detail/validate_object__type_support_c.cpp.o
[ 69%] Built target pick_place_interfaces__rosidl_typesupport_c
[ 70%] Linking C shared library libpick_place_interfaces__rosidl_typesupport_introspection_c.so
[ 70%] Built target pick_place_interfaces__rosidl_typesupport_introspection_c
[ 72%] Linking CXX shared library libpick_place_interfaces__rosidl_typesupport_cpp.so
[ 72%] Built target pick_place_interfaces__rosidl_typesupport_cpp
[ 74%] Linking CXX shared library libpick_place_interfaces__rosidl_typesupport_introspection_cpp.so
[ 76%] Linking CXX shared library libpick_place_interfaces__rosidl_typesupport_fastrtps_cpp.so
[ 76%] Built target pick_place_interfaces__rosidl_typesupport_introspection_cpp
[ 78%] Linking CXX shared library libpick_place_interfaces__rosidl_typesupport_fastrtps_c.so
[ 78%] Built target pick_place_interfaces__rosidl_typesupport_fastrtps_cpp
[ 78%] Built target pick_place_interfaces__rosidl_typesupport_fastrtps_c
[ 78%] Built target pick_place_interfaces
[ 80%] Generating Python code for ROS interfaces
[ 80%] Built target pick_place_interfaces__py
[ 81%] Building C object CMakeFiles/pick_place_interfaces__rosidl_generator_py.dir/rosidl_generator_py/pick_place_interfaces/msg/_object_pose_s.c.o
[ 87%] Building C object CMakeFiles/pick_place_interfaces__rosidl_generator_py.dir/rosidl_generator_py/pick_place_interfaces/srv/_pick_place_task_s.c.o
[ 87%] Building C object CMakeFiles/pick_place_interfaces__rosidl_generator_py.dir/rosidl_generator_py/pick_place_interfaces/srv/_validate_object_s.c.o
[ 87%] Building C object CMakeFiles/pick_place_interfaces__rosidl_generator_py.dir/rosidl_generator_py/pick_place_interfaces/srv/_get_pick_pose_s.c.o
[ 89%] Linking C shared library rosidl_generator_py/pick_place_interfaces/libpick_place_interfaces__rosidl_generator_py.so
[ 89%] Built target pick_place_interfaces__rosidl_generator_py
[ 92%] Building C object CMakeFiles/pick_place_interfaces__rosidl_typesupport_fastrtps_c__pyext.dir/rosidl_generator_py/pick_place_interfaces/_pick_place_interfaces_s.ep.rosidl_typesupport_fastrtps_c.c.o
[ 92%] Building C object CMakeFiles/pick_place_interfaces__rosidl_typesupport_introspection_c__pyext.dir/rosidl_generator_py/pick_place_interfaces/_pick_place_interfaces_s.ep.rosidl_typesupport_introspection_c.c.o
[ 94%] Building C object CMakeFiles/pick_place_interfaces__rosidl_typesupport_c__pyext.dir/rosidl_generator_py/pick_place_interfaces/_pick_place_interfaces_s.ep.rosidl_typesupport_c.c.o
[ 96%] Linking C shared library rosidl_generator_py/pick_place_interfaces/pick_place_interfaces_s__rosidl_typesupport_introspection_c.cpython-310-x86_64-linux-gnu.so
[ 98%] Linking C shared library rosidl_generator_py/pick_place_interfaces/pick_place_interfaces_s__rosidl_typesupport_c.cpython-310-x86_64-linux-gnu.so
[100%] Linking C shared library rosidl_generator_py/pick_place_interfaces/pick_place_interfaces_s__rosidl_typesupport_fastrtps_c.cpython-310-x86_64-linux-gnu.so
[100%] Built target pick_place_interfaces__rosidl_typesupport_introspection_c__pyext
[100%] Built target pick_place_interfaces__rosidl_typesupport_c__pyext
[100%] Built target pick_place_interfaces__rosidl_typesupport_fastrtps_c__pyext
-- Install configuration: ""
-- Installing: /home/robot/jm_ws/install/pick_place_interfaces/share/ament_index/resource_index/rosidl_interfaces/pick_place_interfaces
-- Installing: /home/robot/jm_ws/install/pick_place_interfaces/include/pick_place_interfaces/pick_place_interfaces
-- Installing: /home/robot/jm_ws/install/pick_place_interfaces/include/pick_place_interfaces/pick_place_interfaces/srv
-- Installing: /home/robot/jm_ws/install/pick_place_interfaces/include/pick_place_interfaces/pick_place_interfaces/srv/pick_place_task.h
-- Installing: /home/robot/jm_ws/install/pick_place_interfaces/include/pick_place_interfaces/pick_place_interfaces/srv/get_pick_pose.h
-- Installing: /home/robot/jm_ws/install/pick_place_interfaces/include/pick_place_interfaces/pick_place_interfaces/srv/validate_object.h
-- Installing: /home/robot/jm_ws/install/pick_place_interfaces/include/pick_place_interfaces/pick_place_interfaces/srv/detail
-- Installing: /home/robot/jm_ws/install/pick_place_interfaces/include/pick_place_interfaces/pick_place_interfaces/srv/detail/get_pick_pose__functions.c
-- Installing: /home/robot/jm_ws/install/pick_place_interfaces/include/pick_place_interfaces/pick_place_interfaces/srv/detail/pick_place_task__functions.c
-- Installing: /home/robot/jm_ws/install/pick_place_interfaces/include/pick_place_interfaces/pick_place_interfaces/srv/detail/validate_object__functions.h
-- Installing: /home/robot/jm_ws/install/pick_place_interfaces/include/pick_place_interfaces/pick_place_interfaces/srv/detail/pick_place_task__functions.h
-- Installing: /home/robot/jm_ws/install/pick_place_interfaces/include/pick_place_interfaces/pick_place_interfaces/srv/detail/get_pick_pose__struct.h
-- Installing: /home/robot/jm_ws/install/pick_place_interfaces/include/pick_place_interfaces/pick_place_interfaces/srv/detail/pick_place_task__type_support.h
-- Installing: /home/robot/jm_ws/install/pick_place_interfaces/include/pick_place_interfaces/pick_place_interfaces/srv/detail/validate_object__struct.h
-- Installing: /home/robot/jm_ws/install/pick_place_interfaces/include/pick_place_interfaces/pick_place_interfaces/srv/detail/get_pick_pose__functions.h
-- Installing: /home/robot/jm_ws/install/pick_place_interfaces/include/pick_place_interfaces/pick_place_interfaces/srv/detail/validate_object__type_support.h
-- Installing: /home/robot/jm_ws/install/pick_place_interfaces/include/pick_place_interfaces/pick_place_interfaces/srv/detail/pick_place_task__struct.h
-- Installing: /home/robot/jm_ws/install/pick_place_interfaces/include/pick_place_interfaces/pick_place_interfaces/srv/detail/validate_object__functions.c
-- Installing: /home/robot/jm_ws/install/pick_place_interfaces/include/pick_place_interfaces/pick_place_interfaces/srv/detail/get_pick_pose__type_support.h
-- Installing: /home/robot/jm_ws/install/pick_place_interfaces/include/pick_place_interfaces/pick_place_interfaces/msg
-- Installing: /home/robot/jm_ws/install/pick_place_interfaces/include/pick_place_interfaces/pick_place_interfaces/msg/detail
-- Installing: /home/robot/jm_ws/install/pick_place_interfaces/include/pick_place_interfaces/pick_place_interfaces/msg/detail/object_pose__struct.h
-- Installing: /home/robot/jm_ws/install/pick_place_interfaces/include/pick_place_interfaces/pick_place_interfaces/msg/detail/object_pose__functions.h
-- Installing: /home/robot/jm_ws/install/pick_place_interfaces/include/pick_place_interfaces/pick_place_interfaces/msg/detail/object_pose__functions.c
-- Installing: /home/robot/jm_ws/install/pick_place_interfaces/include/pick_place_interfaces/pick_place_interfaces/msg/detail/object_pose__type_support.h
-- Installing: /home/robot/jm_ws/install/pick_place_interfaces/include/pick_place_interfaces/pick_place_interfaces/msg/object_pose.h
-- Installing: /home/robot/jm_ws/install/pick_place_interfaces/include/pick_place_interfaces/pick_place_interfaces/msg/rosidl_generator_c__visibility_control.h
-- Installing: /home/robot/jm_ws/install/pick_place_interfaces/share/pick_place_interfaces/environment/library_path.sh
-- Installing: /home/robot/jm_ws/install/pick_place_interfaces/share/pick_place_interfaces/environment/library_path.dsv
-- Installing: /home/robot/jm_ws/install/pick_place_interfaces/lib/libpick_place_interfaces__rosidl_generator_c.so
-- Set runtime path of "/home/robot/jm_ws/install/pick_place_interfaces/lib/libpick_place_interfaces__rosidl_generator_c.so" to ""
-- Up-to-date: /home/robot/jm_ws/install/pick_place_interfaces/include/pick_place_interfaces/pick_place_interfaces
-- Up-to-date: /home/robot/jm_ws/install/pick_place_interfaces/include/pick_place_interfaces/pick_place_interfaces/srv
-- Up-to-date: /home/robot/jm_ws/install/pick_place_interfaces/include/pick_place_interfaces/pick_place_interfaces/srv/detail
-- Installing: /home/robot/jm_ws/install/pick_place_interfaces/include/pick_place_interfaces/pick_place_interfaces/srv/detail/pick_place_task__rosidl_typesupport_fastrtps_c.h
-- Installing: /home/robot/jm_ws/install/pick_place_interfaces/include/pick_place_interfaces/pick_place_interfaces/srv/detail/validate_object__rosidl_typesupport_fastrtps_c.h
-- Installing: /home/robot/jm_ws/install/pick_place_interfaces/include/pick_place_interfaces/pick_place_interfaces/srv/detail/get_pick_pose__rosidl_typesupport_fastrtps_c.h
-- Up-to-date: /home/robot/jm_ws/install/pick_place_interfaces/include/pick_place_interfaces/pick_place_interfaces/msg
-- Installing: /home/robot/jm_ws/install/pick_place_interfaces/include/pick_place_interfaces/pick_place_interfaces/msg/rosidl_typesupport_fastrtps_c__visibility_control.h
-- Up-to-date: /home/robot/jm_ws/install/pick_place_interfaces/include/pick_place_interfaces/pick_place_interfaces/msg/detail
-- Installing: /home/robot/jm_ws/install/pick_place_interfaces/include/pick_place_interfaces/pick_place_interfaces/msg/detail/object_pose__rosidl_typesupport_fastrtps_c.h
-- Installing: /home/robot/jm_ws/install/pick_place_interfaces/lib/libpick_place_interfaces__rosidl_typesupport_fastrtps_c.so
-- Set runtime path of "/home/robot/jm_ws/install/pick_place_interfaces/lib/libpick_place_interfaces__rosidl_typesupport_fastrtps_c.so" to ""
-- Up-to-date: /home/robot/jm_ws/install/pick_place_interfaces/include/pick_place_interfaces/pick_place_interfaces
-- Up-to-date: /home/robot/jm_ws/install/pick_place_interfaces/include/pick_place_interfaces/pick_place_interfaces/srv
-- Up-to-date: /home/robot/jm_ws/install/pick_place_interfaces/include/pick_place_interfaces/pick_place_interfaces/srv/detail
-- Installing: /home/robot/jm_ws/install/pick_place_interfaces/include/pick_place_interfaces/pick_place_interfaces/srv/detail/pick_place_task__rosidl_typesupport_introspection_c.h
-- Installing: /home/robot/jm_ws/install/pick_place_interfaces/include/pick_place_interfaces/pick_place_interfaces/srv/detail/pick_place_task__type_support.c
-- Installing: /home/robot/jm_ws/install/pick_place_interfaces/include/pick_place_interfaces/pick_place_interfaces/srv/detail/get_pick_pose__type_support.c
-- Installing: /home/robot/jm_ws/install/pick_place_interfaces/include/pick_place_interfaces/pick_place_interfaces/srv/detail/validate_object__rosidl_typesupport_introspection_c.h
-- Installing: /home/robot/jm_ws/install/pick_place_interfaces/include/pick_place_interfaces/pick_place_interfaces/srv/detail/validate_object__type_support.c
-- Installing: /home/robot/jm_ws/install/pick_place_interfaces/include/pick_place_interfaces/pick_place_interfaces/srv/detail/get_pick_pose__rosidl_typesupport_introspection_c.h
-- Up-to-date: /home/robot/jm_ws/install/pick_place_interfaces/include/pick_place_interfaces/pick_place_interfaces/msg
-- Installing: /home/robot/jm_ws/install/pick_place_interfaces/include/pick_place_interfaces/pick_place_interfaces/msg/rosidl_typesupport_introspection_c__visibility_control.h
-- Up-to-date: /home/robot/jm_ws/install/pick_place_interfaces/include/pick_place_interfaces/pick_place_interfaces/msg/detail
-- Installing: /home/robot/jm_ws/install/pick_place_interfaces/include/pick_place_interfaces/pick_place_interfaces/msg/detail/object_pose__type_support.c
-- Installing: /home/robot/jm_ws/install/pick_place_interfaces/include/pick_place_interfaces/pick_place_interfaces/msg/detail/object_pose__rosidl_typesupport_introspection_c.h
-- Installing: /home/robot/jm_ws/install/pick_place_interfaces/lib/libpick_place_interfaces__rosidl_typesupport_introspection_c.so
-- Set runtime path of "/home/robot/jm_ws/install/pick_place_interfaces/lib/libpick_place_interfaces__rosidl_typesupport_introspection_c.so" to ""
-- Installing: /home/robot/jm_ws/install/pick_place_interfaces/lib/libpick_place_interfaces__rosidl_typesupport_c.so
-- Set runtime path of "/home/robot/jm_ws/install/pick_place_interfaces/lib/libpick_place_interfaces__rosidl_typesupport_c.so" to ""
-- Up-to-date: /home/robot/jm_ws/install/pick_place_interfaces/include/pick_place_interfaces/pick_place_interfaces
-- Up-to-date: /home/robot/jm_ws/install/pick_place_interfaces/include/pick_place_interfaces/pick_place_interfaces/srv
-- Installing: /home/robot/jm_ws/install/pick_place_interfaces/include/pick_place_interfaces/pick_place_interfaces/srv/get_pick_pose.hpp
-- Installing: /home/robot/jm_ws/install/pick_place_interfaces/include/pick_place_interfaces/pick_place_interfaces/srv/validate_object.hpp
-- Installing: /home/robot/jm_ws/install/pick_place_interfaces/include/pick_place_interfaces/pick_place_interfaces/srv/pick_place_task.hpp
-- Up-to-date: /home/robot/jm_ws/install/pick_place_interfaces/include/pick_place_interfaces/pick_place_interfaces/srv/detail
-- Installing: /home/robot/jm_ws/install/pick_place_interfaces/include/pick_place_interfaces/pick_place_interfaces/srv/detail/pick_place_task__traits.hpp
-- Installing: /home/robot/jm_ws/install/pick_place_interfaces/include/pick_place_interfaces/pick_place_interfaces/srv/detail/pick_place_task__struct.hpp
-- Installing: /home/robot/jm_ws/install/pick_place_interfaces/include/pick_place_interfaces/pick_place_interfaces/srv/detail/get_pick_pose__builder.hpp
-- Installing: /home/robot/jm_ws/install/pick_place_interfaces/include/pick_place_interfaces/pick_place_interfaces/srv/detail/validate_object__type_support.hpp
-- Installing: /home/robot/jm_ws/install/pick_place_interfaces/include/pick_place_interfaces/pick_place_interfaces/srv/detail/validate_object__struct.hpp
-- Installing: /home/robot/jm_ws/install/pick_place_interfaces/include/pick_place_interfaces/pick_place_interfaces/srv/detail/validate_object__builder.hpp
-- Installing: /home/robot/jm_ws/install/pick_place_interfaces/include/pick_place_interfaces/pick_place_interfaces/srv/detail/pick_place_task__builder.hpp
-- Installing: /home/robot/jm_ws/install/pick_place_interfaces/include/pick_place_interfaces/pick_place_interfaces/srv/detail/validate_object__traits.hpp
-- Installing: /home/robot/jm_ws/install/pick_place_interfaces/include/pick_place_interfaces/pick_place_interfaces/srv/detail/get_pick_pose__traits.hpp
-- Installing: /home/robot/jm_ws/install/pick_place_interfaces/include/pick_place_interfaces/pick_place_interfaces/srv/detail/pick_place_task__type_support.hpp
-- Installing: /home/robot/jm_ws/install/pick_place_interfaces/include/pick_place_interfaces/pick_place_interfaces/srv/detail/get_pick_pose__type_support.hpp
-- Installing: /home/robot/jm_ws/install/pick_place_interfaces/include/pick_place_interfaces/pick_place_interfaces/srv/detail/get_pick_pose__struct.hpp
-- Up-to-date: /home/robot/jm_ws/install/pick_place_interfaces/include/pick_place_interfaces/pick_place_interfaces/msg
-- Installing: /home/robot/jm_ws/install/pick_place_interfaces/include/pick_place_interfaces/pick_place_interfaces/msg/object_pose.hpp
-- Up-to-date: /home/robot/jm_ws/install/pick_place_interfaces/include/pick_place_interfaces/pick_place_interfaces/msg/detail
-- Installing: /home/robot/jm_ws/install/pick_place_interfaces/include/pick_place_interfaces/pick_place_interfaces/msg/detail/object_pose__type_support.hpp
-- Installing: /home/robot/jm_ws/install/pick_place_interfaces/include/pick_place_interfaces/pick_place_interfaces/msg/detail/object_pose__traits.hpp
-- Installing: /home/robot/jm_ws/install/pick_place_interfaces/include/pick_place_interfaces/pick_place_interfaces/msg/detail/object_pose__builder.hpp
-- Installing: /home/robot/jm_ws/install/pick_place_interfaces/include/pick_place_interfaces/pick_place_interfaces/msg/detail/object_pose__struct.hpp
-- Installing: /home/robot/jm_ws/install/pick_place_interfaces/include/pick_place_interfaces/pick_place_interfaces/msg/rosidl_generator_cpp__visibility_control.hpp
-- Up-to-date: /home/robot/jm_ws/install/pick_place_interfaces/include/pick_place_interfaces/pick_place_interfaces
-- Up-to-date: /home/robot/jm_ws/install/pick_place_interfaces/include/pick_place_interfaces/pick_place_interfaces/srv
-- Up-to-date: /home/robot/jm_ws/install/pick_place_interfaces/include/pick_place_interfaces/pick_place_interfaces/srv/detail
-- Installing: /home/robot/jm_ws/install/pick_place_interfaces/include/pick_place_interfaces/pick_place_interfaces/srv/detail/dds_fastrtps
-- Installing: /home/robot/jm_ws/install/pick_place_interfaces/include/pick_place_interfaces/pick_place_interfaces/srv/detail/validate_object__rosidl_typesupport_fastrtps_cpp.hpp
-- Installing: /home/robot/jm_ws/install/pick_place_interfaces/include/pick_place_interfaces/pick_place_interfaces/srv/detail/get_pick_pose__rosidl_typesupport_fastrtps_cpp.hpp
-- Installing: /home/robot/jm_ws/install/pick_place_interfaces/include/pick_place_interfaces/pick_place_interfaces/srv/detail/pick_place_task__rosidl_typesupport_fastrtps_cpp.hpp
-- Up-to-date: /home/robot/jm_ws/install/pick_place_interfaces/include/pick_place_interfaces/pick_place_interfaces/msg
-- Installing: /home/robot/jm_ws/install/pick_place_interfaces/include/pick_place_interfaces/pick_place_interfaces/msg/rosidl_typesupport_fastrtps_cpp__visibility_control.h
-- Up-to-date: /home/robot/jm_ws/install/pick_place_interfaces/include/pick_place_interfaces/pick_place_interfaces/msg/detail
-- Installing: /home/robot/jm_ws/install/pick_place_interfaces/include/pick_place_interfaces/pick_place_interfaces/msg/detail/dds_fastrtps
-- Installing: /home/robot/jm_ws/install/pick_place_interfaces/include/pick_place_interfaces/pick_place_interfaces/msg/detail/object_pose__rosidl_typesupport_fastrtps_cpp.hpp
-- Installing: /home/robot/jm_ws/install/pick_place_interfaces/lib/libpick_place_interfaces__rosidl_typesupport_fastrtps_cpp.so
-- Set runtime path of "/home/robot/jm_ws/install/pick_place_interfaces/lib/libpick_place_interfaces__rosidl_typesupport_fastrtps_cpp.so" to ""
-- Up-to-date: /home/robot/jm_ws/install/pick_place_interfaces/include/pick_place_interfaces/pick_place_interfaces
-- Up-to-date: /home/robot/jm_ws/install/pick_place_interfaces/include/pick_place_interfaces/pick_place_interfaces/srv
-- Up-to-date: /home/robot/jm_ws/install/pick_place_interfaces/include/pick_place_interfaces/pick_place_interfaces/srv/detail
-- Installing: /home/robot/jm_ws/install/pick_place_interfaces/include/pick_place_interfaces/pick_place_interfaces/srv/detail/pick_place_task__type_support.cpp
-- Installing: /home/robot/jm_ws/install/pick_place_interfaces/include/pick_place_interfaces/pick_place_interfaces/srv/detail/get_pick_pose__rosidl_typesupport_introspection_cpp.hpp
-- Installing: /home/robot/jm_ws/install/pick_place_interfaces/include/pick_place_interfaces/pick_place_interfaces/srv/detail/validate_object__type_support.cpp
-- Installing: /home/robot/jm_ws/install/pick_place_interfaces/include/pick_place_interfaces/pick_place_interfaces/srv/detail/get_pick_pose__type_support.cpp
-- Installing: /home/robot/jm_ws/install/pick_place_interfaces/include/pick_place_interfaces/pick_place_interfaces/srv/detail/validate_object__rosidl_typesupport_introspection_cpp.hpp
-- Installing: /home/robot/jm_ws/install/pick_place_interfaces/include/pick_place_interfaces/pick_place_interfaces/srv/detail/pick_place_task__rosidl_typesupport_introspection_cpp.hpp
-- Up-to-date: /home/robot/jm_ws/install/pick_place_interfaces/include/pick_place_interfaces/pick_place_interfaces/msg
-- Up-to-date: /home/robot/jm_ws/install/pick_place_interfaces/include/pick_place_interfaces/pick_place_interfaces/msg/detail
-- Installing: /home/robot/jm_ws/install/pick_place_interfaces/include/pick_place_interfaces/pick_place_interfaces/msg/detail/object_pose__type_support.cpp
-- Installing: /home/robot/jm_ws/install/pick_place_interfaces/include/pick_place_interfaces/pick_place_interfaces/msg/detail/object_pose__rosidl_typesupport_introspection_cpp.hpp
-- Installing: /home/robot/jm_ws/install/pick_place_interfaces/lib/libpick_place_interfaces__rosidl_typesupport_introspection_cpp.so
-- Set runtime path of "/home/robot/jm_ws/install/pick_place_interfaces/lib/libpick_place_interfaces__rosidl_typesupport_introspection_cpp.so" to ""
-- Installing: /home/robot/jm_ws/install/pick_place_interfaces/lib/libpick_place_interfaces__rosidl_typesupport_cpp.so
-- Set runtime path of "/home/robot/jm_ws/install/pick_place_interfaces/lib/libpick_place_interfaces__rosidl_typesupport_cpp.so" to ""
-- Installing: /home/robot/jm_ws/install/pick_place_interfaces/share/pick_place_interfaces/environment/pythonpath.sh
-- Installing: /home/robot/jm_ws/install/pick_place_interfaces/share/pick_place_interfaces/environment/pythonpath.dsv
-- Installing: /home/robot/jm_ws/install/pick_place_interfaces/local/lib/python3.10/dist-packages/pick_place_interfaces-0.1.0-py3.10.egg-info
-- Installing: /home/robot/jm_ws/install/pick_place_interfaces/local/lib/python3.10/dist-packages/pick_place_interfaces-0.1.0-py3.10.egg-info/PKG-INFO
-- Installing: /home/robot/jm_ws/install/pick_place_interfaces/local/lib/python3.10/dist-packages/pick_place_interfaces-0.1.0-py3.10.egg-info/top_level.txt
-- Installing: /home/robot/jm_ws/install/pick_place_interfaces/local/lib/python3.10/dist-packages/pick_place_interfaces-0.1.0-py3.10.egg-info/SOURCES.txt
-- Installing: /home/robot/jm_ws/install/pick_place_interfaces/local/lib/python3.10/dist-packages/pick_place_interfaces-0.1.0-py3.10.egg-info/dependency_links.txt
-- Installing: /home/robot/jm_ws/install/pick_place_interfaces/local/lib/python3.10/dist-packages/pick_place_interfaces
-- Installing: /home/robot/jm_ws/install/pick_place_interfaces/local/lib/python3.10/dist-packages/pick_place_interfaces/libpick_place_interfaces__rosidl_generator_py.so
-- Installing: /home/robot/jm_ws/install/pick_place_interfaces/local/lib/python3.10/dist-packages/pick_place_interfaces/pick_place_interfaces_s__rosidl_typesupport_c.cpython-310-x86_64-linux-gnu.so
-- Installing: /home/robot/jm_ws/install/pick_place_interfaces/local/lib/python3.10/dist-packages/pick_place_interfaces/srv
-- Installing: /home/robot/jm_ws/install/pick_place_interfaces/local/lib/python3.10/dist-packages/pick_place_interfaces/srv/_get_pick_pose_s.c
-- Installing: /home/robot/jm_ws/install/pick_place_interfaces/local/lib/python3.10/dist-packages/pick_place_interfaces/srv/_get_pick_pose.py
-- Installing: /home/robot/jm_ws/install/pick_place_interfaces/local/lib/python3.10/dist-packages/pick_place_interfaces/srv/_pick_place_task.py
-- Installing: /home/robot/jm_ws/install/pick_place_interfaces/local/lib/python3.10/dist-packages/pick_place_interfaces/srv/_validate_object.py
-- Installing: /home/robot/jm_ws/install/pick_place_interfaces/local/lib/python3.10/dist-packages/pick_place_interfaces/srv/_pick_place_task_s.c
-- Installing: /home/robot/jm_ws/install/pick_place_interfaces/local/lib/python3.10/dist-packages/pick_place_interfaces/srv/__init__.py
-- Installing: /home/robot/jm_ws/install/pick_place_interfaces/local/lib/python3.10/dist-packages/pick_place_interfaces/srv/_validate_object_s.c
-- Installing: /home/robot/jm_ws/install/pick_place_interfaces/local/lib/python3.10/dist-packages/pick_place_interfaces/msg
-- Installing: /home/robot/jm_ws/install/pick_place_interfaces/local/lib/python3.10/dist-packages/pick_place_interfaces/msg/_object_pose.py
-- Installing: /home/robot/jm_ws/install/pick_place_interfaces/local/lib/python3.10/dist-packages/pick_place_interfaces/msg/__init__.py
-- Installing: /home/robot/jm_ws/install/pick_place_interfaces/local/lib/python3.10/dist-packages/pick_place_interfaces/msg/_object_pose_s.c
-- Installing: /home/robot/jm_ws/install/pick_place_interfaces/local/lib/python3.10/dist-packages/pick_place_interfaces/_pick_place_interfaces_s.ep.rosidl_typesupport_c.c
-- Installing: /home/robot/jm_ws/install/pick_place_interfaces/local/lib/python3.10/dist-packages/pick_place_interfaces/pick_place_interfaces_s__rosidl_typesupport_introspection_c.cpython-310-x86_64-linux-gnu.so
-- Installing: /home/robot/jm_ws/install/pick_place_interfaces/local/lib/python3.10/dist-packages/pick_place_interfaces/pick_place_interfaces_s__rosidl_typesupport_fastrtps_c.cpython-310-x86_64-linux-gnu.so
-- Installing: /home/robot/jm_ws/install/pick_place_interfaces/local/lib/python3.10/dist-packages/pick_place_interfaces/_pick_place_interfaces_s.ep.rosidl_typesupport_introspection_c.c
-- Installing: /home/robot/jm_ws/install/pick_place_interfaces/local/lib/python3.10/dist-packages/pick_place_interfaces/__init__.py
-- Installing: /home/robot/jm_ws/install/pick_place_interfaces/local/lib/python3.10/dist-packages/pick_place_interfaces/_pick_place_interfaces_s.ep.rosidl_typesupport_fastrtps_c.c
Listing '/home/robot/jm_ws/install/pick_place_interfaces/local/lib/python3.10/dist-packages/pick_place_interfaces'...
Compiling '/home/robot/jm_ws/install/pick_place_interfaces/local/lib/python3.10/dist-packages/pick_place_interfaces/__init__.py'...
Listing '/home/robot/jm_ws/install/pick_place_interfaces/local/lib/python3.10/dist-packages/pick_place_interfaces/msg'...
Compiling '/home/robot/jm_ws/install/pick_place_interfaces/local/lib/python3.10/dist-packages/pick_place_interfaces/msg/__init__.py'...
Compiling '/home/robot/jm_ws/install/pick_place_interfaces/local/lib/python3.10/dist-packages/pick_place_interfaces/msg/_object_pose.py'...
Listing '/home/robot/jm_ws/install/pick_place_interfaces/local/lib/python3.10/dist-packages/pick_place_interfaces/srv'...
Compiling '/home/robot/jm_ws/install/pick_place_interfaces/local/lib/python3.10/dist-packages/pick_place_interfaces/srv/__init__.py'...
Compiling '/home/robot/jm_ws/install/pick_place_interfaces/local/lib/python3.10/dist-packages/pick_place_interfaces/srv/_get_pick_pose.py'...
Compiling '/home/robot/jm_ws/install/pick_place_interfaces/local/lib/python3.10/dist-packages/pick_place_interfaces/srv/_pick_place_task.py'...
Compiling '/home/robot/jm_ws/install/pick_place_interfaces/local/lib/python3.10/dist-packages/pick_place_interfaces/srv/_validate_object.py'...
-- Installing: /home/robot/jm_ws/install/pick_place_interfaces/local/lib/python3.10/dist-packages/pick_place_interfaces/pick_place_interfaces_s__rosidl_typesupport_fastrtps_c.cpython-310-x86_64-linux-gnu.so
-- Set runtime path of "/home/robot/jm_ws/install/pick_place_interfaces/local/lib/python3.10/dist-packages/pick_place_interfaces/pick_place_interfaces_s__rosidl_typesupport_fastrtps_c.cpython-310-x86_64-linux-gnu.so" to ""
-- Installing: /home/robot/jm_ws/install/pick_place_interfaces/local/lib/python3.10/dist-packages/pick_place_interfaces/pick_place_interfaces_s__rosidl_typesupport_introspection_c.cpython-310-x86_64-linux-gnu.so
-- Set runtime path of "/home/robot/jm_ws/install/pick_place_interfaces/local/lib/python3.10/dist-packages/pick_place_interfaces/pick_place_interfaces_s__rosidl_typesupport_introspection_c.cpython-310-x86_64-linux-gnu.so" to ""
-- Installing: /home/robot/jm_ws/install/pick_place_interfaces/local/lib/python3.10/dist-packages/pick_place_interfaces/pick_place_interfaces_s__rosidl_typesupport_c.cpython-310-x86_64-linux-gnu.so
-- Set runtime path of "/home/robot/jm_ws/install/pick_place_interfaces/local/lib/python3.10/dist-packages/pick_place_interfaces/pick_place_interfaces_s__rosidl_typesupport_c.cpython-310-x86_64-linux-gnu.so" to ""
-- Installing: /home/robot/jm_ws/install/pick_place_interfaces/lib/libpick_place_interfaces__rosidl_generator_py.so
-- Set runtime path of "/home/robot/jm_ws/install/pick_place_interfaces/lib/libpick_place_interfaces__rosidl_generator_py.so" to ""
-- Installing: /home/robot/jm_ws/install/pick_place_interfaces/share/pick_place_interfaces/msg/ObjectPose.idl
-- Installing: /home/robot/jm_ws/install/pick_place_interfaces/share/pick_place_interfaces/srv/PickPlaceTask.idl
-- Installing: /home/robot/jm_ws/install/pick_place_interfaces/share/pick_place_interfaces/srv/GetPickPose.idl
-- Installing: /home/robot/jm_ws/install/pick_place_interfaces/share/pick_place_interfaces/srv/ValidateObject.idl
-- Installing: /home/robot/jm_ws/install/pick_place_interfaces/share/pick_place_interfaces/msg/ObjectPose.msg
-- Installing: /home/robot/jm_ws/install/pick_place_interfaces/share/pick_place_interfaces/srv/PickPlaceTask.srv
-- Installing: /home/robot/jm_ws/install/pick_place_interfaces/share/pick_place_interfaces/srv/PickPlaceTask_Request.msg
-- Installing: /home/robot/jm_ws/install/pick_place_interfaces/share/pick_place_interfaces/srv/PickPlaceTask_Response.msg
-- Installing: /home/robot/jm_ws/install/pick_place_interfaces/share/pick_place_interfaces/srv/GetPickPose.srv
-- Installing: /home/robot/jm_ws/install/pick_place_interfaces/share/pick_place_interfaces/srv/GetPickPose_Request.msg
-- Installing: /home/robot/jm_ws/install/pick_place_interfaces/share/pick_place_interfaces/srv/GetPickPose_Response.msg
-- Installing: /home/robot/jm_ws/install/pick_place_interfaces/share/pick_place_interfaces/srv/ValidateObject.srv
-- Installing: /home/robot/jm_ws/install/pick_place_interfaces/share/pick_place_interfaces/srv/ValidateObject_Request.msg
-- Installing: /home/robot/jm_ws/install/pick_place_interfaces/share/pick_place_interfaces/srv/ValidateObject_Response.msg
-- Installing: /home/robot/jm_ws/install/pick_place_interfaces/share/ament_index/resource_index/package_run_dependencies/pick_place_interfaces
-- Installing: /home/robot/jm_ws/install/pick_place_interfaces/share/ament_index/resource_index/parent_prefix_path/pick_place_interfaces
-- Installing: /home/robot/jm_ws/install/pick_place_interfaces/share/pick_place_interfaces/environment/ament_prefix_path.sh
-- Installing: /home/robot/jm_ws/install/pick_place_interfaces/share/pick_place_interfaces/environment/ament_prefix_path.dsv
-- Installing: /home/robot/jm_ws/install/pick_place_interfaces/share/pick_place_interfaces/environment/path.sh
-- Installing: /home/robot/jm_ws/install/pick_place_interfaces/share/pick_place_interfaces/environment/path.dsv
-- Installing: /home/robot/jm_ws/install/pick_place_interfaces/share/pick_place_interfaces/local_setup.bash
-- Installing: /home/robot/jm_ws/install/pick_place_interfaces/share/pick_place_interfaces/local_setup.sh
-- Installing: /home/robot/jm_ws/install/pick_place_interfaces/share/pick_place_interfaces/local_setup.zsh
-- Installing: /home/robot/jm_ws/install/pick_place_interfaces/share/pick_place_interfaces/local_setup.dsv
-- Installing: /home/robot/jm_ws/install/pick_place_interfaces/share/pick_place_interfaces/package.dsv
-- Installing: /home/robot/jm_ws/install/pick_place_interfaces/share/ament_index/resource_index/packages/pick_place_interfaces
-- Installing: /home/robot/jm_ws/install/pick_place_interfaces/share/pick_place_interfaces/cmake/export_pick_place_interfaces__rosidl_generator_cExport.cmake
-- Installing: /home/robot/jm_ws/install/pick_place_interfaces/share/pick_place_interfaces/cmake/export_pick_place_interfaces__rosidl_generator_cExport-noconfig.cmake
-- Installing: /home/robot/jm_ws/install/pick_place_interfaces/share/pick_place_interfaces/cmake/export_pick_place_interfaces__rosidl_typesupport_fastrtps_cExport.cmake
-- Installing: /home/robot/jm_ws/install/pick_place_interfaces/share/pick_place_interfaces/cmake/export_pick_place_interfaces__rosidl_typesupport_fastrtps_cExport-noconfig.cmake
-- Installing: /home/robot/jm_ws/install/pick_place_interfaces/share/pick_place_interfaces/cmake/pick_place_interfaces__rosidl_typesupport_introspection_cExport.cmake
-- Installing: /home/robot/jm_ws/install/pick_place_interfaces/share/pick_place_interfaces/cmake/pick_place_interfaces__rosidl_typesupport_introspection_cExport-noconfig.cmake
-- Installing: /home/robot/jm_ws/install/pick_place_interfaces/share/pick_place_interfaces/cmake/pick_place_interfaces__rosidl_typesupport_cExport.cmake
-- Installing: /home/robot/jm_ws/install/pick_place_interfaces/share/pick_place_interfaces/cmake/pick_place_interfaces__rosidl_typesupport_cExport-noconfig.cmake
-- Installing: /home/robot/jm_ws/install/pick_place_interfaces/share/pick_place_interfaces/cmake/export_pick_place_interfaces__rosidl_generator_cppExport.cmake
-- Installing: /home/robot/jm_ws/install/pick_place_interfaces/share/pick_place_interfaces/cmake/export_pick_place_interfaces__rosidl_typesupport_fastrtps_cppExport.cmake
-- Installing: /home/robot/jm_ws/install/pick_place_interfaces/share/pick_place_interfaces/cmake/export_pick_place_interfaces__rosidl_typesupport_fastrtps_cppExport-noconfig.cmake
-- Installing: /home/robot/jm_ws/install/pick_place_interfaces/share/pick_place_interfaces/cmake/pick_place_interfaces__rosidl_typesupport_introspection_cppExport.cmake
-- Installing: /home/robot/jm_ws/install/pick_place_interfaces/share/pick_place_interfaces/cmake/pick_place_interfaces__rosidl_typesupport_introspection_cppExport-noconfig.cmake
-- Installing: /home/robot/jm_ws/install/pick_place_interfaces/share/pick_place_interfaces/cmake/pick_place_interfaces__rosidl_typesupport_cppExport.cmake
-- Installing: /home/robot/jm_ws/install/pick_place_interfaces/share/pick_place_interfaces/cmake/pick_place_interfaces__rosidl_typesupport_cppExport-noconfig.cmake
-- Installing: /home/robot/jm_ws/install/pick_place_interfaces/share/pick_place_interfaces/cmake/export_pick_place_interfaces__rosidl_generator_pyExport.cmake
-- Installing: /home/robot/jm_ws/install/pick_place_interfaces/share/pick_place_interfaces/cmake/export_pick_place_interfaces__rosidl_generator_pyExport-noconfig.cmake
-- Installing: /home/robot/jm_ws/install/pick_place_interfaces/share/pick_place_interfaces/cmake/rosidl_cmake-extras.cmake
-- Installing: /home/robot/jm_ws/install/pick_place_interfaces/share/pick_place_interfaces/cmake/ament_cmake_export_include_directories-extras.cmake
-- Installing: /home/robot/jm_ws/install/pick_place_interfaces/share/pick_place_interfaces/cmake/ament_cmake_export_libraries-extras.cmake
-- Installing: /home/robot/jm_ws/install/pick_place_interfaces/share/pick_place_interfaces/cmake/ament_cmake_export_targets-extras.cmake
-- Installing: /home/robot/jm_ws/install/pick_place_interfaces/share/pick_place_interfaces/cmake/rosidl_cmake_export_typesupport_targets-extras.cmake
-- Installing: /home/robot/jm_ws/install/pick_place_interfaces/share/pick_place_interfaces/cmake/ament_cmake_export_dependencies-extras.cmake
-- Installing: /home/robot/jm_ws/install/pick_place_interfaces/share/pick_place_interfaces/cmake/rosidl_cmake_export_typesupport_libraries-extras.cmake
-- Installing: /home/robot/jm_ws/install/pick_place_interfaces/share/pick_place_interfaces/cmake/pick_place_interfacesConfig.cmake
-- Installing: /home/robot/jm_ws/install/pick_place_interfaces/share/pick_place_interfaces/cmake/pick_place_interfacesConfig-version.cmake
-- Installing: /home/robot/jm_ws/install/pick_place_interfaces/share/pick_place_interfaces/package.xml
