[0.007s] Invoking command in '/home/robot/jm_ws/build/pick_place_interfaces': CMAKE_PREFIX_PATH=${CMAKE_PREFIX_PATH}:/home/robot/ros2_ws/install/dsr_visualservoing:/home/robot/ros2_ws/install/dsr_tests:/home/robot/ros2_ws/install/dsr_bringup2:/home/robot/ros2_ws/install/dsr_example:/opt/ros/humble /usr/bin/cmake /home/robot/jm_ws/src/pick_place_interfaces -DCMAKE_INSTALL_PREFIX=/home/robot/jm_ws/install/pick_place_interfaces
[0.039s] -- The C compiler identification is GNU 11.4.0
[0.067s] -- The CXX compiler identification is GNU 11.4.0
[0.072s] -- Detecting C compiler ABI info
[0.108s] -- Detecting C compiler ABI info - done
[0.111s] -- Check for working C compiler: /usr/bin/cc - skipped
[0.111s] -- Detecting C compile features
[0.111s] -- Detecting C compile features - done
[0.113s] -- Detecting CXX compiler ABI info
[0.160s] -- Detecting CXX compiler ABI info - done
[0.164s] -- Check for working CXX compiler: /usr/bin/c++ - skipped
[0.164s] -- Detecting CXX compile features
[0.164s] -- Detecting CXX compile features - done
[0.166s] -- Found ament_cmake: 1.3.12 (/opt/ros/humble/share/ament_cmake/cmake)
[0.245s] -- Found Python3: /usr/bin/python3 (found version "3.10.12") found components: Interpreter 
[0.304s] -- Found rosidl_default_generators: 1.2.0 (/opt/ros/humble/share/rosidl_default_generators/cmake)
[0.307s] -- Using all available rosidl_typesupport_c: rosidl_typesupport_fastrtps_c;rosidl_typesupport_introspection_c
[0.312s] -- Found rosidl_adapter: 3.1.7 (/opt/ros/humble/share/rosidl_adapter/cmake)
[0.338s] -- Using all available rosidl_typesupport_cpp: rosidl_typesupport_fastrtps_cpp;rosidl_typesupport_introspection_cpp
[0.499s] -- Found ament_cmake_ros: 0.10.0 (/opt/ros/humble/share/ament_cmake_ros/cmake)
[0.601s] -- Using all available rosidl_typesupport_c: rosidl_typesupport_fastrtps_c;rosidl_typesupport_introspection_c
[0.723s] -- Using all available rosidl_typesupport_cpp: rosidl_typesupport_fastrtps_cpp;rosidl_typesupport_introspection_cpp
[0.735s] -- Found PythonInterp: /usr/bin/python3 (found suitable version "3.10.12", minimum required is "3.6") 
[0.737s] -- Found python_cmake_module: 0.10.0 (/opt/ros/humble/share/python_cmake_module/cmake)
[0.753s] -- Found PythonLibs: /usr/lib/x86_64-linux-gnu/libpython3.10.so (found suitable version "3.10.12", minimum required is "3.5") 
[0.753s] -- Using PYTHON_EXECUTABLE: /usr/bin/python3
[0.753s] -- Using PYTHON_INCLUDE_DIRS: /usr/include/python3.10
[0.753s] -- Using PYTHON_LIBRARIES: /usr/lib/x86_64-linux-gnu/libpython3.10.so
[0.763s] -- Found PythonExtra: .so  
[0.793s] -- Configuring done
[0.807s] -- Generating done
[0.811s] -- Build files have been written to: /home/robot/jm_ws/build/pick_place_interfaces
[0.816s] Invoked command in '/home/robot/jm_ws/build/pick_place_interfaces' returned '0': CMAKE_PREFIX_PATH=${CMAKE_PREFIX_PATH}:/home/robot/ros2_ws/install/dsr_visualservoing:/home/robot/ros2_ws/install/dsr_tests:/home/robot/ros2_ws/install/dsr_bringup2:/home/robot/ros2_ws/install/dsr_example:/opt/ros/humble /usr/bin/cmake /home/robot/jm_ws/src/pick_place_interfaces -DCMAKE_INSTALL_PREFIX=/home/robot/jm_ws/install/pick_place_interfaces
[0.817s] Invoking command in '/home/robot/jm_ws/build/pick_place_interfaces': CMAKE_PREFIX_PATH=${CMAKE_PREFIX_PATH}:/home/robot/ros2_ws/install/dsr_visualservoing:/home/robot/ros2_ws/install/dsr_tests:/home/robot/ros2_ws/install/dsr_bringup2:/home/robot/ros2_ws/install/dsr_example:/opt/ros/humble /usr/bin/cmake --build /home/robot/jm_ws/build/pick_place_interfaces -- -j24 -l24
[0.842s] [  1%] Generating C code for ROS interfaces
[0.848s] [  3%] Generating C++ code for ROS interfaces
[0.853s] [  3%] Built target ament_cmake_python_copy_pick_place_interfaces
[0.961s] running egg_info
[0.961s] creating pick_place_interfaces.egg-info
[0.961s] writing pick_place_interfaces.egg-info/PKG-INFO
[0.962s] writing dependency_links to pick_place_interfaces.egg-info/dependency_links.txt
[0.962s] writing top-level names to pick_place_interfaces.egg-info/top_level.txt
[0.962s] writing manifest file 'pick_place_interfaces.egg-info/SOURCES.txt'
[0.962s] reading manifest file 'pick_place_interfaces.egg-info/SOURCES.txt'
[0.962s] writing manifest file 'pick_place_interfaces.egg-info/SOURCES.txt'
[0.979s] [  3%] Built target ament_cmake_python_build_pick_place_interfaces_egg
[1.084s] [  3%] Built target pick_place_interfaces__cpp
[1.084s] [  5%] Building C object CMakeFiles/pick_place_interfaces__rosidl_generator_c.dir/rosidl_generator_c/pick_place_interfaces/srv/detail/pick_place_task__functions.c.o
[1.084s] [  7%] Building C object CMakeFiles/pick_place_interfaces__rosidl_generator_c.dir/rosidl_generator_c/pick_place_interfaces/srv/detail/get_pick_pose__functions.c.o
[1.084s] [  9%] Building C object CMakeFiles/pick_place_interfaces__rosidl_generator_c.dir/rosidl_generator_c/pick_place_interfaces/msg/detail/object_pose__functions.c.o
[1.084s] [ 10%] Building C object CMakeFiles/pick_place_interfaces__rosidl_generator_c.dir/rosidl_generator_c/pick_place_interfaces/srv/detail/validate_object__functions.c.o
[1.085s] [ 12%] Generating C++ type support dispatch for ROS interfaces
[1.086s] [ 14%] Generating C++ type support for eProsima Fast-RTPS
[1.086s] [ 16%] Generating C++ introspection for ROS interfaces
[1.111s] [ 18%] Linking C shared library libpick_place_interfaces__rosidl_generator_c.so
[1.133s] [ 18%] Built target pick_place_interfaces__rosidl_generator_c
[1.139s] [ 20%] Generating C type support for eProsima Fast-RTPS
[1.139s] [ 21%] Generating C introspection for ROS interfaces
[1.140s] [ 23%] Generating C type support dispatch for ROS interfaces
[1.265s] [ 25%] Building CXX object CMakeFiles/pick_place_interfaces__rosidl_typesupport_cpp.dir/rosidl_typesupport_cpp/pick_place_interfaces/msg/object_pose__type_support.cpp.o
[1.265s] [ 27%] Building CXX object CMakeFiles/pick_place_interfaces__rosidl_typesupport_cpp.dir/rosidl_typesupport_cpp/pick_place_interfaces/srv/pick_place_task__type_support.cpp.o
[1.265s] [ 29%] Building CXX object CMakeFiles/pick_place_interfaces__rosidl_typesupport_cpp.dir/rosidl_typesupport_cpp/pick_place_interfaces/srv/get_pick_pose__type_support.cpp.o
[1.265s] [ 30%] Building CXX object CMakeFiles/pick_place_interfaces__rosidl_typesupport_cpp.dir/rosidl_typesupport_cpp/pick_place_interfaces/srv/validate_object__type_support.cpp.o
[1.286s] [ 36%] Building CXX object CMakeFiles/pick_place_interfaces__rosidl_typesupport_introspection_cpp.dir/rosidl_typesupport_introspection_cpp/pick_place_interfaces/srv/detail/validate_object__type_support.cpp.o
[1.286s] [ 38%] Building CXX object CMakeFiles/pick_place_interfaces__rosidl_typesupport_introspection_cpp.dir/rosidl_typesupport_introspection_cpp/pick_place_interfaces/msg/detail/object_pose__type_support.cpp.o
[1.286s] [ 38%] Building CXX object CMakeFiles/pick_place_interfaces__rosidl_typesupport_introspection_cpp.dir/rosidl_typesupport_introspection_cpp/pick_place_interfaces/srv/detail/pick_place_task__type_support.cpp.o
[1.287s] [ 38%] Building CXX object CMakeFiles/pick_place_interfaces__rosidl_typesupport_introspection_cpp.dir/rosidl_typesupport_introspection_cpp/pick_place_interfaces/srv/detail/get_pick_pose__type_support.cpp.o
[1.307s] [ 40%] Building CXX object CMakeFiles/pick_place_interfaces__rosidl_typesupport_fastrtps_cpp.dir/rosidl_typesupport_fastrtps_cpp/pick_place_interfaces/msg/detail/dds_fastrtps/object_pose__type_support.cpp.o
[1.307s] [ 41%] Building CXX object CMakeFiles/pick_place_interfaces__rosidl_typesupport_fastrtps_cpp.dir/rosidl_typesupport_fastrtps_cpp/pick_place_interfaces/srv/detail/dds_fastrtps/pick_place_task__type_support.cpp.o
[1.307s] [ 43%] Building CXX object CMakeFiles/pick_place_interfaces__rosidl_typesupport_fastrtps_cpp.dir/rosidl_typesupport_fastrtps_cpp/pick_place_interfaces/srv/detail/dds_fastrtps/get_pick_pose__type_support.cpp.o
[1.307s] [ 45%] Building CXX object CMakeFiles/pick_place_interfaces__rosidl_typesupport_fastrtps_cpp.dir/rosidl_typesupport_fastrtps_cpp/pick_place_interfaces/srv/detail/dds_fastrtps/validate_object__type_support.cpp.o
[1.324s] [ 49%] Building CXX object CMakeFiles/pick_place_interfaces__rosidl_typesupport_c.dir/rosidl_typesupport_c/pick_place_interfaces/msg/object_pose__type_support.cpp.o
[1.324s] [ 49%] Building CXX object CMakeFiles/pick_place_interfaces__rosidl_typesupport_c.dir/rosidl_typesupport_c/pick_place_interfaces/srv/pick_place_task__type_support.cpp.o
[1.325s] [ 50%] Building CXX object CMakeFiles/pick_place_interfaces__rosidl_typesupport_c.dir/rosidl_typesupport_c/pick_place_interfaces/srv/get_pick_pose__type_support.cpp.o
[1.326s] [ 52%] Building CXX object CMakeFiles/pick_place_interfaces__rosidl_typesupport_c.dir/rosidl_typesupport_c/pick_place_interfaces/srv/validate_object__type_support.cpp.o
[1.348s] [ 54%] Linking CXX shared library libpick_place_interfaces__rosidl_typesupport_c.so
[1.357s] [ 56%] Building C object CMakeFiles/pick_place_interfaces__rosidl_typesupport_introspection_c.dir/rosidl_typesupport_introspection_c/pick_place_interfaces/msg/detail/object_pose__type_support.c.o
[1.359s] [ 58%] Building C object CMakeFiles/pick_place_interfaces__rosidl_typesupport_introspection_c.dir/rosidl_typesupport_introspection_c/pick_place_interfaces/srv/detail/pick_place_task__type_support.c.o
[1.359s] [ 60%] Building C object CMakeFiles/pick_place_interfaces__rosidl_typesupport_introspection_c.dir/rosidl_typesupport_introspection_c/pick_place_interfaces/srv/detail/get_pick_pose__type_support.c.o
[1.359s] [ 61%] Building C object CMakeFiles/pick_place_interfaces__rosidl_typesupport_introspection_c.dir/rosidl_typesupport_introspection_c/pick_place_interfaces/srv/detail/validate_object__type_support.c.o
[1.369s] [ 65%] Building CXX object CMakeFiles/pick_place_interfaces__rosidl_typesupport_fastrtps_c.dir/rosidl_typesupport_fastrtps_c/pick_place_interfaces/srv/detail/get_pick_pose__type_support_c.cpp.o
[1.369s] [ 65%] Building CXX object CMakeFiles/pick_place_interfaces__rosidl_typesupport_fastrtps_c.dir/rosidl_typesupport_fastrtps_c/pick_place_interfaces/srv/detail/pick_place_task__type_support_c.cpp.o
[1.369s] [ 67%] Building CXX object CMakeFiles/pick_place_interfaces__rosidl_typesupport_fastrtps_c.dir/rosidl_typesupport_fastrtps_c/pick_place_interfaces/msg/detail/object_pose__type_support_c.cpp.o
[1.372s] [ 69%] Building CXX object CMakeFiles/pick_place_interfaces__rosidl_typesupport_fastrtps_c.dir/rosidl_typesupport_fastrtps_c/pick_place_interfaces/srv/detail/validate_object__type_support_c.cpp.o
[1.382s] [ 69%] Built target pick_place_interfaces__rosidl_typesupport_c
[1.388s] [ 70%] Linking C shared library libpick_place_interfaces__rosidl_typesupport_introspection_c.so
[1.413s] [ 70%] Built target pick_place_interfaces__rosidl_typesupport_introspection_c
[1.435s] [ 72%] Linking CXX shared library libpick_place_interfaces__rosidl_typesupport_cpp.so
[1.463s] [ 72%] Built target pick_place_interfaces__rosidl_typesupport_cpp
[1.497s] [ 74%] Linking CXX shared library libpick_place_interfaces__rosidl_typesupport_introspection_cpp.so
[1.516s] [ 76%] Linking CXX shared library libpick_place_interfaces__rosidl_typesupport_fastrtps_cpp.so
[1.531s] [ 76%] Built target pick_place_interfaces__rosidl_typesupport_introspection_cpp
[1.543s] [ 78%] Linking CXX shared library libpick_place_interfaces__rosidl_typesupport_fastrtps_c.so
[1.556s] [ 78%] Built target pick_place_interfaces__rosidl_typesupport_fastrtps_cpp
[1.584s] [ 78%] Built target pick_place_interfaces__rosidl_typesupport_fastrtps_c
[1.596s] [ 78%] Built target pick_place_interfaces
[1.607s] [ 80%] Generating Python code for ROS interfaces
[1.979s] [ 80%] Built target pick_place_interfaces__py
[1.992s] [ 81%] Building C object CMakeFiles/pick_place_interfaces__rosidl_generator_py.dir/rosidl_generator_py/pick_place_interfaces/msg/_object_pose_s.c.o
[1.992s] [ 87%] Building C object CMakeFiles/pick_place_interfaces__rosidl_generator_py.dir/rosidl_generator_py/pick_place_interfaces/srv/_pick_place_task_s.c.o
[1.992s] [ 87%] Building C object CMakeFiles/pick_place_interfaces__rosidl_generator_py.dir/rosidl_generator_py/pick_place_interfaces/srv/_validate_object_s.c.o
[1.992s] [ 87%] Building C object CMakeFiles/pick_place_interfaces__rosidl_generator_py.dir/rosidl_generator_py/pick_place_interfaces/srv/_get_pick_pose_s.c.o
[2.039s] [ 89%] Linking C shared library rosidl_generator_py/pick_place_interfaces/libpick_place_interfaces__rosidl_generator_py.so
[2.061s] [ 89%] Built target pick_place_interfaces__rosidl_generator_py
[2.075s] [ 92%] Building C object CMakeFiles/pick_place_interfaces__rosidl_typesupport_fastrtps_c__pyext.dir/rosidl_generator_py/pick_place_interfaces/_pick_place_interfaces_s.ep.rosidl_typesupport_fastrtps_c.c.o
[2.076s] [ 92%] Building C object CMakeFiles/pick_place_interfaces__rosidl_typesupport_introspection_c__pyext.dir/rosidl_generator_py/pick_place_interfaces/_pick_place_interfaces_s.ep.rosidl_typesupport_introspection_c.c.o
[2.076s] [ 94%] Building C object CMakeFiles/pick_place_interfaces__rosidl_typesupport_c__pyext.dir/rosidl_generator_py/pick_place_interfaces/_pick_place_interfaces_s.ep.rosidl_typesupport_c.c.o
[2.123s] [ 96%] Linking C shared library rosidl_generator_py/pick_place_interfaces/pick_place_interfaces_s__rosidl_typesupport_introspection_c.cpython-310-x86_64-linux-gnu.so
[2.123s] [ 98%] Linking C shared library rosidl_generator_py/pick_place_interfaces/pick_place_interfaces_s__rosidl_typesupport_c.cpython-310-x86_64-linux-gnu.so
[2.125s] [100%] Linking C shared library rosidl_generator_py/pick_place_interfaces/pick_place_interfaces_s__rosidl_typesupport_fastrtps_c.cpython-310-x86_64-linux-gnu.so
[2.141s] [100%] Built target pick_place_interfaces__rosidl_typesupport_introspection_c__pyext
[2.142s] [100%] Built target pick_place_interfaces__rosidl_typesupport_c__pyext
[2.142s] [100%] Built target pick_place_interfaces__rosidl_typesupport_fastrtps_c__pyext
[2.149s] Invoked command in '/home/robot/jm_ws/build/pick_place_interfaces' returned '0': CMAKE_PREFIX_PATH=${CMAKE_PREFIX_PATH}:/home/robot/ros2_ws/install/dsr_visualservoing:/home/robot/ros2_ws/install/dsr_tests:/home/robot/ros2_ws/install/dsr_bringup2:/home/robot/ros2_ws/install/dsr_example:/opt/ros/humble /usr/bin/cmake --build /home/robot/jm_ws/build/pick_place_interfaces -- -j24 -l24
[2.156s] Invoking command in '/home/robot/jm_ws/build/pick_place_interfaces': CMAKE_PREFIX_PATH=${CMAKE_PREFIX_PATH}:/home/robot/ros2_ws/install/dsr_visualservoing:/home/robot/ros2_ws/install/dsr_tests:/home/robot/ros2_ws/install/dsr_bringup2:/home/robot/ros2_ws/install/dsr_example:/opt/ros/humble /usr/bin/cmake --install /home/robot/jm_ws/build/pick_place_interfaces
[2.160s] -- Install configuration: ""
[2.160s] -- Installing: /home/robot/jm_ws/install/pick_place_interfaces/share/ament_index/resource_index/rosidl_interfaces/pick_place_interfaces
[2.160s] -- Installing: /home/robot/jm_ws/install/pick_place_interfaces/include/pick_place_interfaces/pick_place_interfaces
[2.160s] -- Installing: /home/robot/jm_ws/install/pick_place_interfaces/include/pick_place_interfaces/pick_place_interfaces/srv
[2.160s] -- Installing: /home/robot/jm_ws/install/pick_place_interfaces/include/pick_place_interfaces/pick_place_interfaces/srv/pick_place_task.h
[2.160s] -- Installing: /home/robot/jm_ws/install/pick_place_interfaces/include/pick_place_interfaces/pick_place_interfaces/srv/get_pick_pose.h
[2.160s] -- Installing: /home/robot/jm_ws/install/pick_place_interfaces/include/pick_place_interfaces/pick_place_interfaces/srv/validate_object.h
[2.160s] -- Installing: /home/robot/jm_ws/install/pick_place_interfaces/include/pick_place_interfaces/pick_place_interfaces/srv/detail
[2.160s] -- Installing: /home/robot/jm_ws/install/pick_place_interfaces/include/pick_place_interfaces/pick_place_interfaces/srv/detail/get_pick_pose__functions.c
[2.160s] -- Installing: /home/robot/jm_ws/install/pick_place_interfaces/include/pick_place_interfaces/pick_place_interfaces/srv/detail/pick_place_task__functions.c
[2.160s] -- Installing: /home/robot/jm_ws/install/pick_place_interfaces/include/pick_place_interfaces/pick_place_interfaces/srv/detail/validate_object__functions.h
[2.160s] -- Installing: /home/robot/jm_ws/install/pick_place_interfaces/include/pick_place_interfaces/pick_place_interfaces/srv/detail/pick_place_task__functions.h
[2.160s] -- Installing: /home/robot/jm_ws/install/pick_place_interfaces/include/pick_place_interfaces/pick_place_interfaces/srv/detail/get_pick_pose__struct.h
[2.160s] -- Installing: /home/robot/jm_ws/install/pick_place_interfaces/include/pick_place_interfaces/pick_place_interfaces/srv/detail/pick_place_task__type_support.h
[2.160s] -- Installing: /home/robot/jm_ws/install/pick_place_interfaces/include/pick_place_interfaces/pick_place_interfaces/srv/detail/validate_object__struct.h
[2.161s] -- Installing: /home/robot/jm_ws/install/pick_place_interfaces/include/pick_place_interfaces/pick_place_interfaces/srv/detail/get_pick_pose__functions.h
[2.161s] -- Installing: /home/robot/jm_ws/install/pick_place_interfaces/include/pick_place_interfaces/pick_place_interfaces/srv/detail/validate_object__type_support.h
[2.161s] -- Installing: /home/robot/jm_ws/install/pick_place_interfaces/include/pick_place_interfaces/pick_place_interfaces/srv/detail/pick_place_task__struct.h
[2.161s] -- Installing: /home/robot/jm_ws/install/pick_place_interfaces/include/pick_place_interfaces/pick_place_interfaces/srv/detail/validate_object__functions.c
[2.161s] -- Installing: /home/robot/jm_ws/install/pick_place_interfaces/include/pick_place_interfaces/pick_place_interfaces/srv/detail/get_pick_pose__type_support.h
[2.161s] -- Installing: /home/robot/jm_ws/install/pick_place_interfaces/include/pick_place_interfaces/pick_place_interfaces/msg
[2.161s] -- Installing: /home/robot/jm_ws/install/pick_place_interfaces/include/pick_place_interfaces/pick_place_interfaces/msg/detail
[2.161s] -- Installing: /home/robot/jm_ws/install/pick_place_interfaces/include/pick_place_interfaces/pick_place_interfaces/msg/detail/object_pose__struct.h
[2.161s] -- Installing: /home/robot/jm_ws/install/pick_place_interfaces/include/pick_place_interfaces/pick_place_interfaces/msg/detail/object_pose__functions.h
[2.161s] -- Installing: /home/robot/jm_ws/install/pick_place_interfaces/include/pick_place_interfaces/pick_place_interfaces/msg/detail/object_pose__functions.c
[2.161s] -- Installing: /home/robot/jm_ws/install/pick_place_interfaces/include/pick_place_interfaces/pick_place_interfaces/msg/detail/object_pose__type_support.h
[2.161s] -- Installing: /home/robot/jm_ws/install/pick_place_interfaces/include/pick_place_interfaces/pick_place_interfaces/msg/object_pose.h
[2.161s] -- Installing: /home/robot/jm_ws/install/pick_place_interfaces/include/pick_place_interfaces/pick_place_interfaces/msg/rosidl_generator_c__visibility_control.h
[2.161s] -- Installing: /home/robot/jm_ws/install/pick_place_interfaces/share/pick_place_interfaces/environment/library_path.sh
[2.161s] -- Installing: /home/robot/jm_ws/install/pick_place_interfaces/share/pick_place_interfaces/environment/library_path.dsv
[2.161s] -- Installing: /home/robot/jm_ws/install/pick_place_interfaces/lib/libpick_place_interfaces__rosidl_generator_c.so
[2.161s] -- Set runtime path of "/home/robot/jm_ws/install/pick_place_interfaces/lib/libpick_place_interfaces__rosidl_generator_c.so" to ""
[2.161s] -- Up-to-date: /home/robot/jm_ws/install/pick_place_interfaces/include/pick_place_interfaces/pick_place_interfaces
[2.161s] -- Up-to-date: /home/robot/jm_ws/install/pick_place_interfaces/include/pick_place_interfaces/pick_place_interfaces/srv
[2.161s] -- Up-to-date: /home/robot/jm_ws/install/pick_place_interfaces/include/pick_place_interfaces/pick_place_interfaces/srv/detail
[2.161s] -- Installing: /home/robot/jm_ws/install/pick_place_interfaces/include/pick_place_interfaces/pick_place_interfaces/srv/detail/pick_place_task__rosidl_typesupport_fastrtps_c.h
[2.161s] -- Installing: /home/robot/jm_ws/install/pick_place_interfaces/include/pick_place_interfaces/pick_place_interfaces/srv/detail/validate_object__rosidl_typesupport_fastrtps_c.h
[2.161s] -- Installing: /home/robot/jm_ws/install/pick_place_interfaces/include/pick_place_interfaces/pick_place_interfaces/srv/detail/get_pick_pose__rosidl_typesupport_fastrtps_c.h
[2.161s] -- Up-to-date: /home/robot/jm_ws/install/pick_place_interfaces/include/pick_place_interfaces/pick_place_interfaces/msg
[2.161s] -- Installing: /home/robot/jm_ws/install/pick_place_interfaces/include/pick_place_interfaces/pick_place_interfaces/msg/rosidl_typesupport_fastrtps_c__visibility_control.h
[2.161s] -- Up-to-date: /home/robot/jm_ws/install/pick_place_interfaces/include/pick_place_interfaces/pick_place_interfaces/msg/detail
[2.161s] -- Installing: /home/robot/jm_ws/install/pick_place_interfaces/include/pick_place_interfaces/pick_place_interfaces/msg/detail/object_pose__rosidl_typesupport_fastrtps_c.h
[2.161s] -- Installing: /home/robot/jm_ws/install/pick_place_interfaces/lib/libpick_place_interfaces__rosidl_typesupport_fastrtps_c.so
[2.161s] -- Set runtime path of "/home/robot/jm_ws/install/pick_place_interfaces/lib/libpick_place_interfaces__rosidl_typesupport_fastrtps_c.so" to ""
[2.161s] -- Up-to-date: /home/robot/jm_ws/install/pick_place_interfaces/include/pick_place_interfaces/pick_place_interfaces
[2.161s] -- Up-to-date: /home/robot/jm_ws/install/pick_place_interfaces/include/pick_place_interfaces/pick_place_interfaces/srv
[2.161s] -- Up-to-date: /home/robot/jm_ws/install/pick_place_interfaces/include/pick_place_interfaces/pick_place_interfaces/srv/detail
[2.161s] -- Installing: /home/robot/jm_ws/install/pick_place_interfaces/include/pick_place_interfaces/pick_place_interfaces/srv/detail/pick_place_task__rosidl_typesupport_introspection_c.h
[2.161s] -- Installing: /home/robot/jm_ws/install/pick_place_interfaces/include/pick_place_interfaces/pick_place_interfaces/srv/detail/pick_place_task__type_support.c
[2.161s] -- Installing: /home/robot/jm_ws/install/pick_place_interfaces/include/pick_place_interfaces/pick_place_interfaces/srv/detail/get_pick_pose__type_support.c
[2.161s] -- Installing: /home/robot/jm_ws/install/pick_place_interfaces/include/pick_place_interfaces/pick_place_interfaces/srv/detail/validate_object__rosidl_typesupport_introspection_c.h
[2.161s] -- Installing: /home/robot/jm_ws/install/pick_place_interfaces/include/pick_place_interfaces/pick_place_interfaces/srv/detail/validate_object__type_support.c
[2.161s] -- Installing: /home/robot/jm_ws/install/pick_place_interfaces/include/pick_place_interfaces/pick_place_interfaces/srv/detail/get_pick_pose__rosidl_typesupport_introspection_c.h
[2.161s] -- Up-to-date: /home/robot/jm_ws/install/pick_place_interfaces/include/pick_place_interfaces/pick_place_interfaces/msg
[2.161s] -- Installing: /home/robot/jm_ws/install/pick_place_interfaces/include/pick_place_interfaces/pick_place_interfaces/msg/rosidl_typesupport_introspection_c__visibility_control.h
[2.161s] -- Up-to-date: /home/robot/jm_ws/install/pick_place_interfaces/include/pick_place_interfaces/pick_place_interfaces/msg/detail
[2.161s] -- Installing: /home/robot/jm_ws/install/pick_place_interfaces/include/pick_place_interfaces/pick_place_interfaces/msg/detail/object_pose__type_support.c
[2.161s] -- Installing: /home/robot/jm_ws/install/pick_place_interfaces/include/pick_place_interfaces/pick_place_interfaces/msg/detail/object_pose__rosidl_typesupport_introspection_c.h
[2.162s] -- Installing: /home/robot/jm_ws/install/pick_place_interfaces/lib/libpick_place_interfaces__rosidl_typesupport_introspection_c.so
[2.162s] -- Set runtime path of "/home/robot/jm_ws/install/pick_place_interfaces/lib/libpick_place_interfaces__rosidl_typesupport_introspection_c.so" to ""
[2.162s] -- Installing: /home/robot/jm_ws/install/pick_place_interfaces/lib/libpick_place_interfaces__rosidl_typesupport_c.so
[2.162s] -- Set runtime path of "/home/robot/jm_ws/install/pick_place_interfaces/lib/libpick_place_interfaces__rosidl_typesupport_c.so" to ""
[2.162s] -- Up-to-date: /home/robot/jm_ws/install/pick_place_interfaces/include/pick_place_interfaces/pick_place_interfaces
[2.162s] -- Up-to-date: /home/robot/jm_ws/install/pick_place_interfaces/include/pick_place_interfaces/pick_place_interfaces/srv
[2.162s] -- Installing: /home/robot/jm_ws/install/pick_place_interfaces/include/pick_place_interfaces/pick_place_interfaces/srv/get_pick_pose.hpp
[2.162s] -- Installing: /home/robot/jm_ws/install/pick_place_interfaces/include/pick_place_interfaces/pick_place_interfaces/srv/validate_object.hpp
[2.162s] -- Installing: /home/robot/jm_ws/install/pick_place_interfaces/include/pick_place_interfaces/pick_place_interfaces/srv/pick_place_task.hpp
[2.162s] -- Up-to-date: /home/robot/jm_ws/install/pick_place_interfaces/include/pick_place_interfaces/pick_place_interfaces/srv/detail
[2.162s] -- Installing: /home/robot/jm_ws/install/pick_place_interfaces/include/pick_place_interfaces/pick_place_interfaces/srv/detail/pick_place_task__traits.hpp
[2.162s] -- Installing: /home/robot/jm_ws/install/pick_place_interfaces/include/pick_place_interfaces/pick_place_interfaces/srv/detail/pick_place_task__struct.hpp
[2.162s] -- Installing: /home/robot/jm_ws/install/pick_place_interfaces/include/pick_place_interfaces/pick_place_interfaces/srv/detail/get_pick_pose__builder.hpp
[2.162s] -- Installing: /home/robot/jm_ws/install/pick_place_interfaces/include/pick_place_interfaces/pick_place_interfaces/srv/detail/validate_object__type_support.hpp
[2.162s] -- Installing: /home/robot/jm_ws/install/pick_place_interfaces/include/pick_place_interfaces/pick_place_interfaces/srv/detail/validate_object__struct.hpp
[2.162s] -- Installing: /home/robot/jm_ws/install/pick_place_interfaces/include/pick_place_interfaces/pick_place_interfaces/srv/detail/validate_object__builder.hpp
[2.162s] -- Installing: /home/robot/jm_ws/install/pick_place_interfaces/include/pick_place_interfaces/pick_place_interfaces/srv/detail/pick_place_task__builder.hpp
[2.162s] -- Installing: /home/robot/jm_ws/install/pick_place_interfaces/include/pick_place_interfaces/pick_place_interfaces/srv/detail/validate_object__traits.hpp
[2.162s] -- Installing: /home/robot/jm_ws/install/pick_place_interfaces/include/pick_place_interfaces/pick_place_interfaces/srv/detail/get_pick_pose__traits.hpp
[2.162s] -- Installing: /home/robot/jm_ws/install/pick_place_interfaces/include/pick_place_interfaces/pick_place_interfaces/srv/detail/pick_place_task__type_support.hpp
[2.162s] -- Installing: /home/robot/jm_ws/install/pick_place_interfaces/include/pick_place_interfaces/pick_place_interfaces/srv/detail/get_pick_pose__type_support.hpp
[2.162s] -- Installing: /home/robot/jm_ws/install/pick_place_interfaces/include/pick_place_interfaces/pick_place_interfaces/srv/detail/get_pick_pose__struct.hpp
[2.162s] -- Up-to-date: /home/robot/jm_ws/install/pick_place_interfaces/include/pick_place_interfaces/pick_place_interfaces/msg
[2.162s] -- Installing: /home/robot/jm_ws/install/pick_place_interfaces/include/pick_place_interfaces/pick_place_interfaces/msg/object_pose.hpp
[2.162s] -- Up-to-date: /home/robot/jm_ws/install/pick_place_interfaces/include/pick_place_interfaces/pick_place_interfaces/msg/detail
[2.162s] -- Installing: /home/robot/jm_ws/install/pick_place_interfaces/include/pick_place_interfaces/pick_place_interfaces/msg/detail/object_pose__type_support.hpp
[2.162s] -- Installing: /home/robot/jm_ws/install/pick_place_interfaces/include/pick_place_interfaces/pick_place_interfaces/msg/detail/object_pose__traits.hpp
[2.162s] -- Installing: /home/robot/jm_ws/install/pick_place_interfaces/include/pick_place_interfaces/pick_place_interfaces/msg/detail/object_pose__builder.hpp
[2.162s] -- Installing: /home/robot/jm_ws/install/pick_place_interfaces/include/pick_place_interfaces/pick_place_interfaces/msg/detail/object_pose__struct.hpp
[2.162s] -- Installing: /home/robot/jm_ws/install/pick_place_interfaces/include/pick_place_interfaces/pick_place_interfaces/msg/rosidl_generator_cpp__visibility_control.hpp
[2.162s] -- Up-to-date: /home/robot/jm_ws/install/pick_place_interfaces/include/pick_place_interfaces/pick_place_interfaces
[2.162s] -- Up-to-date: /home/robot/jm_ws/install/pick_place_interfaces/include/pick_place_interfaces/pick_place_interfaces/srv
[2.162s] -- Up-to-date: /home/robot/jm_ws/install/pick_place_interfaces/include/pick_place_interfaces/pick_place_interfaces/srv/detail
[2.162s] -- Installing: /home/robot/jm_ws/install/pick_place_interfaces/include/pick_place_interfaces/pick_place_interfaces/srv/detail/dds_fastrtps
[2.162s] -- Installing: /home/robot/jm_ws/install/pick_place_interfaces/include/pick_place_interfaces/pick_place_interfaces/srv/detail/validate_object__rosidl_typesupport_fastrtps_cpp.hpp
[2.162s] -- Installing: /home/robot/jm_ws/install/pick_place_interfaces/include/pick_place_interfaces/pick_place_interfaces/srv/detail/get_pick_pose__rosidl_typesupport_fastrtps_cpp.hpp
[2.162s] -- Installing: /home/robot/jm_ws/install/pick_place_interfaces/include/pick_place_interfaces/pick_place_interfaces/srv/detail/pick_place_task__rosidl_typesupport_fastrtps_cpp.hpp
[2.163s] -- Up-to-date: /home/robot/jm_ws/install/pick_place_interfaces/include/pick_place_interfaces/pick_place_interfaces/msg
[2.163s] -- Installing: /home/robot/jm_ws/install/pick_place_interfaces/include/pick_place_interfaces/pick_place_interfaces/msg/rosidl_typesupport_fastrtps_cpp__visibility_control.h
[2.163s] -- Up-to-date: /home/robot/jm_ws/install/pick_place_interfaces/include/pick_place_interfaces/pick_place_interfaces/msg/detail
[2.163s] -- Installing: /home/robot/jm_ws/install/pick_place_interfaces/include/pick_place_interfaces/pick_place_interfaces/msg/detail/dds_fastrtps
[2.163s] -- Installing: /home/robot/jm_ws/install/pick_place_interfaces/include/pick_place_interfaces/pick_place_interfaces/msg/detail/object_pose__rosidl_typesupport_fastrtps_cpp.hpp
[2.163s] -- Installing: /home/robot/jm_ws/install/pick_place_interfaces/lib/libpick_place_interfaces__rosidl_typesupport_fastrtps_cpp.so
[2.163s] -- Set runtime path of "/home/robot/jm_ws/install/pick_place_interfaces/lib/libpick_place_interfaces__rosidl_typesupport_fastrtps_cpp.so" to ""
[2.163s] -- Up-to-date: /home/robot/jm_ws/install/pick_place_interfaces/include/pick_place_interfaces/pick_place_interfaces
[2.163s] -- Up-to-date: /home/robot/jm_ws/install/pick_place_interfaces/include/pick_place_interfaces/pick_place_interfaces/srv
[2.163s] -- Up-to-date: /home/robot/jm_ws/install/pick_place_interfaces/include/pick_place_interfaces/pick_place_interfaces/srv/detail
[2.163s] -- Installing: /home/robot/jm_ws/install/pick_place_interfaces/include/pick_place_interfaces/pick_place_interfaces/srv/detail/pick_place_task__type_support.cpp
[2.163s] -- Installing: /home/robot/jm_ws/install/pick_place_interfaces/include/pick_place_interfaces/pick_place_interfaces/srv/detail/get_pick_pose__rosidl_typesupport_introspection_cpp.hpp
[2.163s] -- Installing: /home/robot/jm_ws/install/pick_place_interfaces/include/pick_place_interfaces/pick_place_interfaces/srv/detail/validate_object__type_support.cpp
[2.163s] -- Installing: /home/robot/jm_ws/install/pick_place_interfaces/include/pick_place_interfaces/pick_place_interfaces/srv/detail/get_pick_pose__type_support.cpp
[2.163s] -- Installing: /home/robot/jm_ws/install/pick_place_interfaces/include/pick_place_interfaces/pick_place_interfaces/srv/detail/validate_object__rosidl_typesupport_introspection_cpp.hpp
[2.163s] -- Installing: /home/robot/jm_ws/install/pick_place_interfaces/include/pick_place_interfaces/pick_place_interfaces/srv/detail/pick_place_task__rosidl_typesupport_introspection_cpp.hpp
[2.163s] -- Up-to-date: /home/robot/jm_ws/install/pick_place_interfaces/include/pick_place_interfaces/pick_place_interfaces/msg
[2.163s] -- Up-to-date: /home/robot/jm_ws/install/pick_place_interfaces/include/pick_place_interfaces/pick_place_interfaces/msg/detail
[2.163s] -- Installing: /home/robot/jm_ws/install/pick_place_interfaces/include/pick_place_interfaces/pick_place_interfaces/msg/detail/object_pose__type_support.cpp
[2.163s] -- Installing: /home/robot/jm_ws/install/pick_place_interfaces/include/pick_place_interfaces/pick_place_interfaces/msg/detail/object_pose__rosidl_typesupport_introspection_cpp.hpp
[2.163s] -- Installing: /home/robot/jm_ws/install/pick_place_interfaces/lib/libpick_place_interfaces__rosidl_typesupport_introspection_cpp.so
[2.163s] -- Set runtime path of "/home/robot/jm_ws/install/pick_place_interfaces/lib/libpick_place_interfaces__rosidl_typesupport_introspection_cpp.so" to ""
[2.163s] -- Installing: /home/robot/jm_ws/install/pick_place_interfaces/lib/libpick_place_interfaces__rosidl_typesupport_cpp.so
[2.163s] -- Set runtime path of "/home/robot/jm_ws/install/pick_place_interfaces/lib/libpick_place_interfaces__rosidl_typesupport_cpp.so" to ""
[2.163s] -- Installing: /home/robot/jm_ws/install/pick_place_interfaces/share/pick_place_interfaces/environment/pythonpath.sh
[2.163s] -- Installing: /home/robot/jm_ws/install/pick_place_interfaces/share/pick_place_interfaces/environment/pythonpath.dsv
[2.163s] -- Installing: /home/robot/jm_ws/install/pick_place_interfaces/local/lib/python3.10/dist-packages/pick_place_interfaces-0.1.0-py3.10.egg-info
[2.163s] -- Installing: /home/robot/jm_ws/install/pick_place_interfaces/local/lib/python3.10/dist-packages/pick_place_interfaces-0.1.0-py3.10.egg-info/PKG-INFO
[2.163s] -- Installing: /home/robot/jm_ws/install/pick_place_interfaces/local/lib/python3.10/dist-packages/pick_place_interfaces-0.1.0-py3.10.egg-info/top_level.txt
[2.163s] -- Installing: /home/robot/jm_ws/install/pick_place_interfaces/local/lib/python3.10/dist-packages/pick_place_interfaces-0.1.0-py3.10.egg-info/SOURCES.txt
[2.163s] -- Installing: /home/robot/jm_ws/install/pick_place_interfaces/local/lib/python3.10/dist-packages/pick_place_interfaces-0.1.0-py3.10.egg-info/dependency_links.txt
[2.163s] -- Installing: /home/robot/jm_ws/install/pick_place_interfaces/local/lib/python3.10/dist-packages/pick_place_interfaces
[2.163s] -- Installing: /home/robot/jm_ws/install/pick_place_interfaces/local/lib/python3.10/dist-packages/pick_place_interfaces/libpick_place_interfaces__rosidl_generator_py.so
[2.163s] -- Installing: /home/robot/jm_ws/install/pick_place_interfaces/local/lib/python3.10/dist-packages/pick_place_interfaces/pick_place_interfaces_s__rosidl_typesupport_c.cpython-310-x86_64-linux-gnu.so
[2.164s] -- Installing: /home/robot/jm_ws/install/pick_place_interfaces/local/lib/python3.10/dist-packages/pick_place_interfaces/srv
[2.164s] -- Installing: /home/robot/jm_ws/install/pick_place_interfaces/local/lib/python3.10/dist-packages/pick_place_interfaces/srv/_get_pick_pose_s.c
[2.164s] -- Installing: /home/robot/jm_ws/install/pick_place_interfaces/local/lib/python3.10/dist-packages/pick_place_interfaces/srv/_get_pick_pose.py
[2.164s] -- Installing: /home/robot/jm_ws/install/pick_place_interfaces/local/lib/python3.10/dist-packages/pick_place_interfaces/srv/_pick_place_task.py
[2.164s] -- Installing: /home/robot/jm_ws/install/pick_place_interfaces/local/lib/python3.10/dist-packages/pick_place_interfaces/srv/_validate_object.py
[2.164s] -- Installing: /home/robot/jm_ws/install/pick_place_interfaces/local/lib/python3.10/dist-packages/pick_place_interfaces/srv/_pick_place_task_s.c
[2.164s] -- Installing: /home/robot/jm_ws/install/pick_place_interfaces/local/lib/python3.10/dist-packages/pick_place_interfaces/srv/__init__.py
[2.164s] -- Installing: /home/robot/jm_ws/install/pick_place_interfaces/local/lib/python3.10/dist-packages/pick_place_interfaces/srv/_validate_object_s.c
[2.164s] -- Installing: /home/robot/jm_ws/install/pick_place_interfaces/local/lib/python3.10/dist-packages/pick_place_interfaces/msg
[2.164s] -- Installing: /home/robot/jm_ws/install/pick_place_interfaces/local/lib/python3.10/dist-packages/pick_place_interfaces/msg/_object_pose.py
[2.164s] -- Installing: /home/robot/jm_ws/install/pick_place_interfaces/local/lib/python3.10/dist-packages/pick_place_interfaces/msg/__init__.py
[2.164s] -- Installing: /home/robot/jm_ws/install/pick_place_interfaces/local/lib/python3.10/dist-packages/pick_place_interfaces/msg/_object_pose_s.c
[2.164s] -- Installing: /home/robot/jm_ws/install/pick_place_interfaces/local/lib/python3.10/dist-packages/pick_place_interfaces/_pick_place_interfaces_s.ep.rosidl_typesupport_c.c
[2.164s] -- Installing: /home/robot/jm_ws/install/pick_place_interfaces/local/lib/python3.10/dist-packages/pick_place_interfaces/pick_place_interfaces_s__rosidl_typesupport_introspection_c.cpython-310-x86_64-linux-gnu.so
[2.164s] -- Installing: /home/robot/jm_ws/install/pick_place_interfaces/local/lib/python3.10/dist-packages/pick_place_interfaces/pick_place_interfaces_s__rosidl_typesupport_fastrtps_c.cpython-310-x86_64-linux-gnu.so
[2.164s] -- Installing: /home/robot/jm_ws/install/pick_place_interfaces/local/lib/python3.10/dist-packages/pick_place_interfaces/_pick_place_interfaces_s.ep.rosidl_typesupport_introspection_c.c
[2.164s] -- Installing: /home/robot/jm_ws/install/pick_place_interfaces/local/lib/python3.10/dist-packages/pick_place_interfaces/__init__.py
[2.164s] -- Installing: /home/robot/jm_ws/install/pick_place_interfaces/local/lib/python3.10/dist-packages/pick_place_interfaces/_pick_place_interfaces_s.ep.rosidl_typesupport_fastrtps_c.c
[2.185s] Listing '/home/robot/jm_ws/install/pick_place_interfaces/local/lib/python3.10/dist-packages/pick_place_interfaces'...
[2.185s] Compiling '/home/robot/jm_ws/install/pick_place_interfaces/local/lib/python3.10/dist-packages/pick_place_interfaces/__init__.py'...
[2.185s] Listing '/home/robot/jm_ws/install/pick_place_interfaces/local/lib/python3.10/dist-packages/pick_place_interfaces/msg'...
[2.185s] Compiling '/home/robot/jm_ws/install/pick_place_interfaces/local/lib/python3.10/dist-packages/pick_place_interfaces/msg/__init__.py'...
[2.185s] Compiling '/home/robot/jm_ws/install/pick_place_interfaces/local/lib/python3.10/dist-packages/pick_place_interfaces/msg/_object_pose.py'...
[2.185s] Listing '/home/robot/jm_ws/install/pick_place_interfaces/local/lib/python3.10/dist-packages/pick_place_interfaces/srv'...
[2.185s] Compiling '/home/robot/jm_ws/install/pick_place_interfaces/local/lib/python3.10/dist-packages/pick_place_interfaces/srv/__init__.py'...
[2.185s] Compiling '/home/robot/jm_ws/install/pick_place_interfaces/local/lib/python3.10/dist-packages/pick_place_interfaces/srv/_get_pick_pose.py'...
[2.185s] Compiling '/home/robot/jm_ws/install/pick_place_interfaces/local/lib/python3.10/dist-packages/pick_place_interfaces/srv/_pick_place_task.py'...
[2.186s] Compiling '/home/robot/jm_ws/install/pick_place_interfaces/local/lib/python3.10/dist-packages/pick_place_interfaces/srv/_validate_object.py'...
[2.187s] -- Installing: /home/robot/jm_ws/install/pick_place_interfaces/local/lib/python3.10/dist-packages/pick_place_interfaces/pick_place_interfaces_s__rosidl_typesupport_fastrtps_c.cpython-310-x86_64-linux-gnu.so
[2.187s] -- Set runtime path of "/home/robot/jm_ws/install/pick_place_interfaces/local/lib/python3.10/dist-packages/pick_place_interfaces/pick_place_interfaces_s__rosidl_typesupport_fastrtps_c.cpython-310-x86_64-linux-gnu.so" to ""
[2.187s] -- Installing: /home/robot/jm_ws/install/pick_place_interfaces/local/lib/python3.10/dist-packages/pick_place_interfaces/pick_place_interfaces_s__rosidl_typesupport_introspection_c.cpython-310-x86_64-linux-gnu.so
[2.187s] -- Set runtime path of "/home/robot/jm_ws/install/pick_place_interfaces/local/lib/python3.10/dist-packages/pick_place_interfaces/pick_place_interfaces_s__rosidl_typesupport_introspection_c.cpython-310-x86_64-linux-gnu.so" to ""
[2.187s] -- Installing: /home/robot/jm_ws/install/pick_place_interfaces/local/lib/python3.10/dist-packages/pick_place_interfaces/pick_place_interfaces_s__rosidl_typesupport_c.cpython-310-x86_64-linux-gnu.so
[2.188s] -- Set runtime path of "/home/robot/jm_ws/install/pick_place_interfaces/local/lib/python3.10/dist-packages/pick_place_interfaces/pick_place_interfaces_s__rosidl_typesupport_c.cpython-310-x86_64-linux-gnu.so" to ""
[2.188s] -- Installing: /home/robot/jm_ws/install/pick_place_interfaces/lib/libpick_place_interfaces__rosidl_generator_py.so
[2.188s] -- Set runtime path of "/home/robot/jm_ws/install/pick_place_interfaces/lib/libpick_place_interfaces__rosidl_generator_py.so" to ""
[2.188s] -- Installing: /home/robot/jm_ws/install/pick_place_interfaces/share/pick_place_interfaces/msg/ObjectPose.idl
[2.188s] -- Installing: /home/robot/jm_ws/install/pick_place_interfaces/share/pick_place_interfaces/srv/PickPlaceTask.idl
[2.188s] -- Installing: /home/robot/jm_ws/install/pick_place_interfaces/share/pick_place_interfaces/srv/GetPickPose.idl
[2.188s] -- Installing: /home/robot/jm_ws/install/pick_place_interfaces/share/pick_place_interfaces/srv/ValidateObject.idl
[2.188s] -- Installing: /home/robot/jm_ws/install/pick_place_interfaces/share/pick_place_interfaces/msg/ObjectPose.msg
[2.188s] -- Installing: /home/robot/jm_ws/install/pick_place_interfaces/share/pick_place_interfaces/srv/PickPlaceTask.srv
[2.188s] -- Installing: /home/robot/jm_ws/install/pick_place_interfaces/share/pick_place_interfaces/srv/PickPlaceTask_Request.msg
[2.189s] -- Installing: /home/robot/jm_ws/install/pick_place_interfaces/share/pick_place_interfaces/srv/PickPlaceTask_Response.msg
[2.189s] -- Installing: /home/robot/jm_ws/install/pick_place_interfaces/share/pick_place_interfaces/srv/GetPickPose.srv
[2.189s] -- Installing: /home/robot/jm_ws/install/pick_place_interfaces/share/pick_place_interfaces/srv/GetPickPose_Request.msg
[2.189s] -- Installing: /home/robot/jm_ws/install/pick_place_interfaces/share/pick_place_interfaces/srv/GetPickPose_Response.msg
[2.189s] -- Installing: /home/robot/jm_ws/install/pick_place_interfaces/share/pick_place_interfaces/srv/ValidateObject.srv
[2.189s] -- Installing: /home/robot/jm_ws/install/pick_place_interfaces/share/pick_place_interfaces/srv/ValidateObject_Request.msg
[2.189s] -- Installing: /home/robot/jm_ws/install/pick_place_interfaces/share/pick_place_interfaces/srv/ValidateObject_Response.msg
[2.189s] -- Installing: /home/robot/jm_ws/install/pick_place_interfaces/share/ament_index/resource_index/package_run_dependencies/pick_place_interfaces
[2.189s] -- Installing: /home/robot/jm_ws/install/pick_place_interfaces/share/ament_index/resource_index/parent_prefix_path/pick_place_interfaces
[2.189s] -- Installing: /home/robot/jm_ws/install/pick_place_interfaces/share/pick_place_interfaces/environment/ament_prefix_path.sh
[2.189s] -- Installing: /home/robot/jm_ws/install/pick_place_interfaces/share/pick_place_interfaces/environment/ament_prefix_path.dsv
[2.189s] -- Installing: /home/robot/jm_ws/install/pick_place_interfaces/share/pick_place_interfaces/environment/path.sh
[2.189s] -- Installing: /home/robot/jm_ws/install/pick_place_interfaces/share/pick_place_interfaces/environment/path.dsv
[2.189s] -- Installing: /home/robot/jm_ws/install/pick_place_interfaces/share/pick_place_interfaces/local_setup.bash
[2.189s] -- Installing: /home/robot/jm_ws/install/pick_place_interfaces/share/pick_place_interfaces/local_setup.sh
[2.189s] -- Installing: /home/robot/jm_ws/install/pick_place_interfaces/share/pick_place_interfaces/local_setup.zsh
[2.189s] -- Installing: /home/robot/jm_ws/install/pick_place_interfaces/share/pick_place_interfaces/local_setup.dsv
[2.189s] -- Installing: /home/robot/jm_ws/install/pick_place_interfaces/share/pick_place_interfaces/package.dsv
[2.189s] -- Installing: /home/robot/jm_ws/install/pick_place_interfaces/share/ament_index/resource_index/packages/pick_place_interfaces
[2.189s] -- Installing: /home/robot/jm_ws/install/pick_place_interfaces/share/pick_place_interfaces/cmake/export_pick_place_interfaces__rosidl_generator_cExport.cmake
[2.189s] -- Installing: /home/robot/jm_ws/install/pick_place_interfaces/share/pick_place_interfaces/cmake/export_pick_place_interfaces__rosidl_generator_cExport-noconfig.cmake
[2.189s] -- Installing: /home/robot/jm_ws/install/pick_place_interfaces/share/pick_place_interfaces/cmake/export_pick_place_interfaces__rosidl_typesupport_fastrtps_cExport.cmake
[2.189s] -- Installing: /home/robot/jm_ws/install/pick_place_interfaces/share/pick_place_interfaces/cmake/export_pick_place_interfaces__rosidl_typesupport_fastrtps_cExport-noconfig.cmake
[2.189s] -- Installing: /home/robot/jm_ws/install/pick_place_interfaces/share/pick_place_interfaces/cmake/pick_place_interfaces__rosidl_typesupport_introspection_cExport.cmake
[2.189s] -- Installing: /home/robot/jm_ws/install/pick_place_interfaces/share/pick_place_interfaces/cmake/pick_place_interfaces__rosidl_typesupport_introspection_cExport-noconfig.cmake
[2.189s] -- Installing: /home/robot/jm_ws/install/pick_place_interfaces/share/pick_place_interfaces/cmake/pick_place_interfaces__rosidl_typesupport_cExport.cmake
[2.189s] -- Installing: /home/robot/jm_ws/install/pick_place_interfaces/share/pick_place_interfaces/cmake/pick_place_interfaces__rosidl_typesupport_cExport-noconfig.cmake
[2.189s] -- Installing: /home/robot/jm_ws/install/pick_place_interfaces/share/pick_place_interfaces/cmake/export_pick_place_interfaces__rosidl_generator_cppExport.cmake
[2.189s] -- Installing: /home/robot/jm_ws/install/pick_place_interfaces/share/pick_place_interfaces/cmake/export_pick_place_interfaces__rosidl_typesupport_fastrtps_cppExport.cmake
[2.189s] -- Installing: /home/robot/jm_ws/install/pick_place_interfaces/share/pick_place_interfaces/cmake/export_pick_place_interfaces__rosidl_typesupport_fastrtps_cppExport-noconfig.cmake
[2.189s] -- Installing: /home/robot/jm_ws/install/pick_place_interfaces/share/pick_place_interfaces/cmake/pick_place_interfaces__rosidl_typesupport_introspection_cppExport.cmake
[2.190s] -- Installing: /home/robot/jm_ws/install/pick_place_interfaces/share/pick_place_interfaces/cmake/pick_place_interfaces__rosidl_typesupport_introspection_cppExport-noconfig.cmake
[2.190s] -- Installing: /home/robot/jm_ws/install/pick_place_interfaces/share/pick_place_interfaces/cmake/pick_place_interfaces__rosidl_typesupport_cppExport.cmake
[2.190s] -- Installing: /home/robot/jm_ws/install/pick_place_interfaces/share/pick_place_interfaces/cmake/pick_place_interfaces__rosidl_typesupport_cppExport-noconfig.cmake
[2.190s] -- Installing: /home/robot/jm_ws/install/pick_place_interfaces/share/pick_place_interfaces/cmake/export_pick_place_interfaces__rosidl_generator_pyExport.cmake
[2.190s] -- Installing: /home/robot/jm_ws/install/pick_place_interfaces/share/pick_place_interfaces/cmake/export_pick_place_interfaces__rosidl_generator_pyExport-noconfig.cmake
[2.190s] -- Installing: /home/robot/jm_ws/install/pick_place_interfaces/share/pick_place_interfaces/cmake/rosidl_cmake-extras.cmake
[2.190s] -- Installing: /home/robot/jm_ws/install/pick_place_interfaces/share/pick_place_interfaces/cmake/ament_cmake_export_include_directories-extras.cmake
[2.190s] -- Installing: /home/robot/jm_ws/install/pick_place_interfaces/share/pick_place_interfaces/cmake/ament_cmake_export_libraries-extras.cmake
[2.190s] -- Installing: /home/robot/jm_ws/install/pick_place_interfaces/share/pick_place_interfaces/cmake/ament_cmake_export_targets-extras.cmake
[2.190s] -- Installing: /home/robot/jm_ws/install/pick_place_interfaces/share/pick_place_interfaces/cmake/rosidl_cmake_export_typesupport_targets-extras.cmake
[2.190s] -- Installing: /home/robot/jm_ws/install/pick_place_interfaces/share/pick_place_interfaces/cmake/ament_cmake_export_dependencies-extras.cmake
[2.190s] -- Installing: /home/robot/jm_ws/install/pick_place_interfaces/share/pick_place_interfaces/cmake/rosidl_cmake_export_typesupport_libraries-extras.cmake
[2.190s] -- Installing: /home/robot/jm_ws/install/pick_place_interfaces/share/pick_place_interfaces/cmake/pick_place_interfacesConfig.cmake
[2.190s] -- Installing: /home/robot/jm_ws/install/pick_place_interfaces/share/pick_place_interfaces/cmake/pick_place_interfacesConfig-version.cmake
[2.190s] -- Installing: /home/robot/jm_ws/install/pick_place_interfaces/share/pick_place_interfaces/package.xml
[2.191s] Invoked command in '/home/robot/jm_ws/build/pick_place_interfaces' returned '0': CMAKE_PREFIX_PATH=${CMAKE_PREFIX_PATH}:/home/robot/ros2_ws/install/dsr_visualservoing:/home/robot/ros2_ws/install/dsr_tests:/home/robot/ros2_ws/install/dsr_bringup2:/home/robot/ros2_ws/install/dsr_example:/opt/ros/humble /usr/bin/cmake --install /home/robot/jm_ws/build/pick_place_interfaces
